Archive member included to satisfy reference by file (symbol)

tflm/build/libtflm.a(micro_interpreter.o)
                              build/main.o (tflite::MicroInterpreter::MicroInterpreter(tflite::Model const*, tflite::MicroOpResolver const&, unsigned char*, unsigned int, tflite::MicroResourceVariables*, tflite::MicroProfilerInterface*, bool))
tflm/build/libtflm.a(micro_log.o)
                              build/main.o (MicroPrintf(char const*, ...))
tflm/build/libtflm.a(micro_op_resolver.o)
                              tflm/build/libtflm.a(micro_interpreter.o) (tflite::GetRegistrationFromOpCode(tflite::OperatorCode const*, tflite::MicroOpResolver const&, TFLMRegistration const**))
tflm/build/libtflm.a(micro_allocator.o)
                              tflm/build/libtflm.a(micro_interpreter.o) (tflite::MicroAllocator::Create(unsigned char*, unsigned int, tflite::MemoryPlannerType))
tflm/build/libtflm.a(debug_log.o)
                              tflm/build/libtflm.a(micro_log.o) (DebugLog)
tflm/build/libtflm.a(micro_interpreter_context.o)
                              tflm/build/libtflm.a(micro_interpreter.o) (tflite::MicroInterpreterContext::~MicroInterpreterContext())
tflm/build/libtflm.a(micro_interpreter_graph.o)
                              tflm/build/libtflm.a(micro_interpreter.o) (tflite::MicroInterpreterGraph::~MicroInterpreterGraph())
tflm/build/libtflm.a(fully_connected.o)
                              build/main.o (tflite::Register_FULLY_CONNECTED())
tflm/build/libtflm.a(kernel_util.o)
                              tflm/build/libtflm.a(fully_connected.o) (tflite::micro::RegisterOp(void* (*)(TfLiteContext*, char const*, unsigned int), TfLiteStatus (*)(TfLiteContext*, TfLiteNode*), TfLiteStatus (*)(TfLiteContext*, TfLiteNode*), void (*)(TfLiteContext*, void*), void (*)(TfLiteContext*, void*)))
tflm/build/libtflm.a(flatbuffer_conversions_bridge.o)
                              tflm/build/libtflm.a(micro_allocator.o) (tflite::ConvertTensorType(tflite::TensorType, TfLiteType*))
tflm/build/libtflm.a(micro_error_reporter.o)
                              tflm/build/libtflm.a(flatbuffer_conversions_bridge.o) (tflite::GetMicroErrorReporter())
tflm/build/libtflm.a(memory_helpers.o)
                              tflm/build/libtflm.a(micro_allocator.o) (tflite::AlignPointerUp(unsigned char*, unsigned int))
tflm/build/libtflm.a(greedy_memory_planner.o)
                              tflm/build/libtflm.a(micro_allocator.o) (tflite::GreedyMemoryPlanner::GreedyMemoryPlanner())
tflm/build/libtflm.a(linear_memory_planner.o)
                              tflm/build/libtflm.a(micro_allocator.o) (tflite::LinearMemoryPlanner::LinearMemoryPlanner())
tflm/build/libtflm.a(micro_allocation_info.o)
                              tflm/build/libtflm.a(micro_allocator.o) (tflite::AllocationInfoBuilder::CreateAllocationInfo(int))
tflm/build/libtflm.a(micro_resource_variable.o)
                              tflm/build/libtflm.a(micro_interpreter_graph.o) (tflite::MicroResourceVariables::ResetAll())
tflm/build/libtflm.a(common.o)
                              tflm/build/libtflm.a(micro_allocator.o) (TfLiteIntArrayGetSizeInBytes)
tflm/build/libtflm.a(flatbuffer_conversions.o)
                              tflm/build/libtflm.a(flatbuffer_conversions_bridge.o) (tflite::ConvertTensorType(tflite::TensorType, TfLiteType*, tflite::ErrorReporter*))
tflm/build/libtflm.a(tensor_ctypes.o)
                              tflm/build/libtflm.a(memory_helpers.o) (tflite::GetTensorShape(TfLiteTensor const*))
tflm/build/libtflm.a(portable_tensor_utils.o)
                              tflm/build/libtflm.a(fully_connected.o) (tflite::tensor_utils::UnpackDenseInt4IntoInt8(signed char const*, int, signed char*))
tflm/build/libtflm.a(common.o)
                              tflm/build/libtflm.a(fully_connected.o) (tflite::MultiplyByQuantizedMultiplier(long, long, int))
tflm/build/libtflm.a(schema_utils.o)
                              tflm/build/libtflm.a(micro_interpreter.o) (tflite::GetBuiltinCode(tflite::OperatorCode const*))
tflm/build/libtflm.a(error_reporter.o)
                              tflm/build/libtflm.a(flatbuffer_conversions.o) (tflite::ErrorReporter::Report(char const*, ...))
tflm/build/libtflm.a(single_arena_buffer_allocator.o)
                              tflm/build/libtflm.a(micro_allocator.o) (tflite::SingleArenaBufferAllocator::Create(unsigned char*, unsigned int))
tflm/build/libtflm.a(non_persistent_arena_buffer_allocator.o)
                              tflm/build/libtflm.a(micro_allocator.o) (tflite::NonPersistentArenaBufferAllocator::NonPersistentArenaBufferAllocator(unsigned char*, unsigned int))
tflm/build/libtflm.a(persistent_arena_buffer_allocator.o)
                              tflm/build/libtflm.a(micro_allocator.o) (tflite::PersistentArenaBufferAllocator::~PersistentArenaBufferAllocator())
tflm/build/libtflm.a(micro_context.o)
[...]
Memory Configuration

Name             Origin             Length             Attributes
rom              0x00000000         0x00020000
sram             0x10000000         0x00002000
spiflash         0x00800000         0x00800000
main_ram         0x40000000         0x00800000
csr              0xf0000000         0x00010000
*default*        0x00000000         0xffffffff

Linker script and memory map

START GROUP
LOAD build/crt0.o
LOAD build/main.o
LOAD build/models/hello_world_int8_model_data.o
LOAD tflm/build/libtflm.a
LOAD ../build/colorlight_i5/software/libc/libc.a
LOAD ../build/colorlight_i5/software/libcompiler_rt/libcompiler_rt.a
LOAD ../build/colorlight_i5/software/libbase/libbase.a
LOAD ../build/colorlight_i5/software/libfatfs/libfatfs.a
LOAD ../build/colorlight_i5/software/liblitespi/liblitespi.a
LOAD ../build/colorlight_i5/software/liblitedram/liblitedram.a
LOAD ../build/colorlight_i5/software/libliteeth/libliteeth.a
LOAD ../build/colorlight_i5/software/liblitesdcard/liblitesdcard.a
LOAD ../build/colorlight_i5/software/liblitesata/liblitesata.a
LOAD /opt/riscv/xpack-riscv-none-elf-gcc-14.2.0-3/bin/../lib/gcc/riscv-none-elf/14.2.0/rv32im/ilp32/libgcc.a
END GROUP
                0x00000000                        __DYNAMIC = 0x0

.text           0x40000000     0xd884
                0x40000000                        _ftext = .
 *(.text .stub .text.* .gnu.linkonce.t.*)
 .text          0x40000000      0x128 build/crt0.o
                0x40000000                _start
                0x40000020                trap_entry
 .text._ZN6tflite22MicroMutableOpResolverILj1EED0Ev
                0x40000128        0x4 build/main.o
                0x40000128                tflite::MicroMutableOpResolver<1u>::~MicroMutableOpResolver()
                0x40000128                tflite::MicroMutableOpResolver<1u>::~MicroMutableOpResolver()
                0x40000128                tflite::MicroMutableOpResolver<1u>::~MicroMutableOpResolver()
 .text._ZNK6tflite22MicroMutableOpResolverILj1EE15GetOpDataParserENS_15BuiltinOperatorE
                0x4000012c       0x38 build/main.o
                0x4000012c                tflite::MicroMutableOpResolver<1u>::GetOpDataParser(tflite::BuiltinOperator) const
 .text._ZNK6tflite22MicroMutableOpResolverILj1EE6FindOpEPKc
                0x40000164       0x9c build/main.o
                0x40000164                tflite::MicroMutableOpResolver<1u>::FindOp(char const*) const
 .text._ZNK6tflite22MicroMutableOpResolverILj1EE6FindOpENS_15BuiltinOperatorE
                0x40000200       0x30 build/main.o
                0x40000200                tflite::MicroMutableOpResolver<1u>::FindOp(tflite::BuiltinOperator) const
 .text.isr      0x40000230        0x4 build/main.o
                0x40000230                isr
 .text._Z10print_charc
                0x40000234       0x1c build/main.o
                0x40000234                print_char(char)
 .text._Z9print_strPKc
                0x40000250       0x34 build/main.o
                0x40000250                print_str(char const*)
 .text._Z8print_nlv
                0x40000284       0x20 build/main.o
                0x40000284                print_nl()
 .text._Z9print_inti
                0x400002a4       0x1c build/main.o
                0x400002a4                print_int(int)
 .text._Z11print_floatfi
                0x400002c0       0xd8 build/main.o
                0x400002c0                print_float(float, int)
 .text._Z12sine_to_ledsf
                0x40000398       0x78 build/main.o
                0x40000398                sine_to_leds(float)
 .text.startup.main
                0x40000410      0x3b8 build/main.o
                0x40000410                main
 .text._ZN6tflite36MicroContextAllocatePersistentBufferEP13TfLiteContextj
                0x400007c8       0x10 tflm/build/libtflm.a(micro_interpreter.o)
                0x400007c8                tflite::MicroContextAllocatePersistentBuffer(TfLiteContext*, unsigned int)
 .text._ZN6tflite39MicroContextRequestScratchBufferInArenaEP13TfLiteContextjPi
                0x400007d8       0x10 tflm/build/libtflm.a(micro_interpreter.o)
                0x400007d8                tflite::MicroContextRequestScratchBufferInArena(TfLiteContext*, unsigned int, int*)
 .text._ZN6tflite28MicroContextGetScratchBufferEP13TfLiteContexti
                0x400007e8       0x10 tflm/build/libtflm.a(micro_interpreter.o)
                0x400007e8                tflite::MicroContextGetScratchBuffer(TfLiteContext*, int)
 .text._ZN6tflite21MicroContextGetTensorEPK13TfLiteContexti
                0x400007f8       0x10 tflm/build/libtflm.a(micro_interpreter.o)
                0x400007f8                tflite::MicroContextGetTensor(TfLiteContext const*, int)
 .text._ZN6tflite25MicroContextGetEvalTensorEPK13TfLiteContexti
                0x40000808       0x10 tflm/build/libtflm.a(micro_interpreter.o)
                0x40000808                tflite::MicroContextGetEvalTensor(TfLiteContext const*, int)
 .text._ZN6tflite23MicroInterpreterContext16external_contextEv
                0x40000818        0x8 tflm/build/libtflm.a(micro_interpreter.o)
                0x40000818                tflite::MicroInterpreterContext::external_context()
 .text._ZNK11flatbuffers6VectorINS_6OffsetIN6tflite8SubGraphEEEmE3GetEm.part.0
                0x40000820       0x28 tflm/build/libtflm.a(micro_interpreter.o)
 .text._ZN6tflite30MicroContextGetExternalContextEP13TfLiteContext25TfLiteExternalContextType
                0x40000848       0x24 tflm/build/libtflm.a(micro_interpreter.o)
                0x40000848                tflite::MicroContextGetExternalContext(TfLiteContext*, TfLiteExternalContextType)
 .text._ZN6tflite16MicroInterpreterC2EPKNS_5ModelERKNS_15MicroOpResolverEPhjPNS_22MicroResourceVariablesEPNS_22MicroProfilerInterfaceEb
                0x4000086c      0x158 tflm/build/libtflm.a(micro_interpreter.o)
                0x4000086c                tflite::MicroInterpreter::MicroInterpreter(tflite::Model const*, tflite::MicroOpResolver const&, unsigned char*, unsigned int, tflite::MicroResourceVariables*, tflite::MicroProfilerInterface*, bool)
                0x4000086c                tflite::MicroInterpreter::MicroInterpreter(tflite::Model const*, tflite::MicroOpResolver const&, unsigned char*, unsigned int, tflite::MicroResourceVariables*, tflite::MicroProfilerInterface*, bool)
 .text._ZN6tflite16MicroInterpreter5inputEj
                0x400009c4       0xbc tflm/build/libtflm.a(micro_interpreter.o)
                0x400009c4                tflite::MicroInterpreter::input(unsigned int)
 .text._ZN6tflite16MicroInterpreter6outputEj
                0x40000a80       0xb8 tflm/build/libtflm.a(micro_interpreter.o)
                0x40000a80                tflite::MicroInterpreter::output(unsigned int)
 .text._ZN6tflite16MicroInterpreter44PrepareNodeAndRegistrationDataFromFlatbufferEv
                0x40000b38      0x498 tflm/build/libtflm.a(micro_interpreter.o)
                0x40000b38                tflite::MicroInterpreter::PrepareNodeAndRegistrationDataFromFlatbuffer()
 .text._ZN6tflite16MicroInterpreter15AllocateTensorsEv
                0x40000fd0      0x514 tflm/build/libtflm.a(micro_interpreter.o)
                0x40000fd0                tflite::MicroInterpreter::AllocateTensors()
 .text._ZN6tflite16MicroInterpreter6InvokeEv
                0x400014e4       0x6c tflm/build/libtflm.a(micro_interpreter.o)
                0x400014e4                tflite::MicroInterpreter::Invoke()
 .text._ZN12_GLOBAL__N_19VDebugLogEPKcz.constprop.0
                0x40001550       0x48 tflm/build/libtflm.a(micro_log.o)
 .text._Z12VMicroPrintfPKcPv
                0x40001598       0x20 tflm/build/libtflm.a(micro_log.o)
                0x40001598                VMicroPrintf(char const*, void*)
 .text._Z11MicroPrintfPKcz
                0x400015b8       0x4c tflm/build/libtflm.a(micro_log.o)
                0x400015b8                MicroPrintf(char const*, ...)
 .text._ZN6tflite25GetRegistrationFromOpCodeEPKNS_12OperatorCodeERKNS_15MicroOpResolverEPPK16TFLMRegistration
                0x40001604      0x15c tflm/build/libtflm.a(micro_op_resolver.o)
                0x40001604                tflite::GetRegistrationFromOpCode(tflite::OperatorCode const*, tflite::MicroOpResolver const&, TFLMRegistration const**)
 .text._ZN6tflite18MicroMemoryPlanner9AddBufferEiiii
                0x40001760        0x8 tflm/build/libtflm.a(micro_allocator.o)
                0x40001760                tflite::MicroMemoryPlanner::AddBuffer(int, int, int, int)
 .text._ZN6tflite18MicroMemoryPlanner4InitEPhi
                0x40001768        0x8 tflm/build/libtflm.a(micro_allocator.o)
                0x40001768                tflite::MicroMemoryPlanner::Init(unsigned char*, int)
 .text._ZN6tflite12_GLOBAL__N_125MicroBuiltinDataAllocator8AllocateEjj
                0x40001770       0x10 tflm/build/libtflm.a(micro_allocator.o)
 .text._ZN6tflite12_GLOBAL__N_125MicroBuiltinDataAllocator10DeallocateEPv
                0x40001780        0x4 tflm/build/libtflm.a(micro_allocator.o)
 .text._ZN6tflite14MicroAllocatorD0Ev
                0x40001784        0x4 tflm/build/libtflm.a(micro_allocator.o)
                0x40001784                tflite::MicroAllocator::~MicroAllocator()
                0x40001784                tflite::MicroAllocator::~MicroAllocator()
                0x40001784                tflite::MicroAllocator::~MicroAllocator()
 .text._ZN6tflite14MicroAllocator24AllocatePersistentBufferEj
                0x40001788       0x14 tflm/build/libtflm.a(micro_allocator.o)
                0x40001788                tflite::MicroAllocator::AllocatePersistentBuffer(unsigned int)
 .text._ZN6tflite14MicroAllocator18AllocateTempBufferEjj
                0x4000179c       0x10 tflm/build/libtflm.a(micro_allocator.o)
                0x4000179c                tflite::MicroAllocator::AllocateTempBuffer(unsigned int, unsigned int)
 .text._ZN6tflite14MicroAllocator20DeallocateTempBufferEPh
                0x400017ac       0x10 tflm/build/libtflm.a(micro_allocator.o)
                0x400017ac                tflite::MicroAllocator::DeallocateTempBuffer(unsigned char*)
 .text._ZN6tflite14MicroAllocator20ResetTempAllocationsEv
                0x400017bc       0x10 tflm/build/libtflm.a(micro_allocator.o)
                0x400017bc                tflite::MicroAllocator::ResetTempAllocations()
 .text._ZN6tflite14MicroAllocator20IsAllTempDeallocatedEv
                0x400017cc       0x10 tflm/build/libtflm.a(micro_allocator.o)
                0x400017cc                tflite::MicroAllocator::IsAllTempDeallocated()
 .text._ZN6tflite14MicroAllocator38AllocatePersistentTfLiteTensorInternalEv
                0x400017dc       0x18 tflm/build/libtflm.a(micro_allocator.o)
                0x400017dc                tflite::MicroAllocator::AllocatePersistentTfLiteTensorInternal()
 .text._ZN6tflite12_GLOBAL__N_125MicroBuiltinDataAllocatorD0Ev
                0x400017f4        0x4 tflm/build/libtflm.a(micro_allocator.o)
 .text._ZN6tflite14MicroAllocator26DeallocateTempTfLiteTensorEP12TfLiteTensor
                0x400017f8       0xa0 tflm/build/libtflm.a(micro_allocator.o)
                0x400017f8                tflite::MicroAllocator::DeallocateTempTfLiteTensor(TfLiteTensor*)
 .text._ZNK11flatbuffers6VectorIxmE3GetEm.part.0
                0x40001898       0x28 tflm/build/libtflm.a(micro_allocator.o)
 .text._ZNK11flatbuffers6VectorINS_6OffsetIN6tflite8SubGraphEEEmE3GetEm.part.0
                0x400018c0       0x28 tflm/build/libtflm.a(micro_allocator.o)
 .text._ZN6tflite14MicroAllocator28AllocateScratchBufferHandlesEPPNS_19ScratchBufferHandleEj
                0x400018e8       0x54 tflm/build/libtflm.a(micro_allocator.o)
                0x400018e8                tflite::MicroAllocator::AllocateScratchBufferHandles(tflite::ScratchBufferHandle**, unsigned int)
 .text._ZN6tflite14MicroAllocator17AllocateVariablesEPKNS_8SubGraphEP16TfLiteEvalTensorPKl
                0x4000193c      0x158 tflm/build/libtflm.a(micro_allocator.o)
                0x4000193c                tflite::MicroAllocator::AllocateVariables(tflite::SubGraph const*, TfLiteEvalTensor*, long const*)
 .text._ZN6tflite14MicroAllocator28AllocateNodeAndRegistrationsEPKNS_5ModelEPNS_19SubgraphAllocationsE
                0x40001a94      0x104 tflm/build/libtflm.a(micro_allocator.o)
                0x40001a94                tflite::MicroAllocator::AllocateNodeAndRegistrations(tflite::Model const*, tflite::SubgraphAllocations*)
 .text._ZN6tflite14MicroAllocator24AllocateTempTfLiteTensorEPKNS_5ModelEPKNS_19SubgraphAllocationsEii
                0x40001b98      0x140 tflm/build/libtflm.a(micro_allocator.o)
                0x40001b98                tflite::MicroAllocator::AllocateTempTfLiteTensor(tflite::Model const*, tflite::SubgraphAllocations const*, int, int)
 .text._ZN6tflite14MicroAllocator30AllocatePersistentTfLiteTensorEPKNS_5ModelEPKNS_19SubgraphAllocationsEii
                0x40001cd8      0x158 tflm/build/libtflm.a(micro_allocator.o)
                0x40001cd8                tflite::MicroAllocator::AllocatePersistentTfLiteTensor(tflite::Model const*, tflite::SubgraphAllocations const*, int, int)
 .text._ZN6tflite14MicroAllocator22CommitStaticMemoryPlanEPKNS_5ModelEPNS_19SubgraphAllocationsEPNS_19ScratchBufferHandleE
                0x40001e30      0x3f4 tflm/build/libtflm.a(micro_allocator.o)
                0x40001e30                tflite::MicroAllocator::CommitStaticMemoryPlan(tflite::Model const*, tflite::SubgraphAllocations*, tflite::ScratchBufferHandle*)
 .text._ZN6tflite8internal25GetFlatbufferTensorBufferERKNS_6TensorEPKN11flatbuffers6VectorINS4_6OffsetINS_6BufferEEEmEE
                0x40002224       0xac tflm/build/libtflm.a(micro_allocator.o)
                0x40002224                tflite::internal::GetFlatbufferTensorBuffer(tflite::Tensor const&, flatbuffers::Vector<flatbuffers::Offset<tflite::Buffer>, unsigned long> const*)
 .text._ZN6tflite8internal36InitializeTfLiteTensorFromFlatbufferEPNS_26IPersistentBufferAllocatorEPNS_29INonPersistentBufferAllocatorEbRKNS_6TensorEPKN11flatbuffers6VectorINS8_6OffsetINS_6BufferEEEmEEP12TfLiteTensor
                0x400022d0      0x408 tflm/build/libtflm.a(micro_allocator.o)
                0x400022d0                tflite::internal::InitializeTfLiteTensorFromFlatbuffer(tflite::IPersistentBufferAllocator*, tflite::INonPersistentBufferAllocator*, bool, tflite::Tensor const&, flatbuffers::Vector<flatbuffers::Offset<tflite::Buffer>, unsigned long> const*, TfLiteTensor*)
 .text._ZN6tflite14MicroAllocator34PopulateTfLiteTensorFromFlatbufferEPKNS_5ModelEP12TfLiteTensoriib
                0x400026d8      0x10c tflm/build/libtflm.a(micro_allocator.o)
                0x400026d8                tflite::MicroAllocator::PopulateTfLiteTensorFromFlatbuffer(tflite::Model const*, TfLiteTensor*, int, int, bool)
 .text._ZN6tflite8internal40InitializeTfLiteEvalTensorFromFlatbufferERKNS_6TensorEPKN11flatbuffers6VectorINS4_6OffsetINS_6BufferEEEmEEP16TfLiteEvalTensor
                0x400027e4      0x124 tflm/build/libtflm.a(micro_allocator.o)
                0x400027e4                tflite::internal::InitializeTfLiteEvalTensorFromFlatbuffer(tflite::Tensor const&, flatbuffers::Vector<flatbuffers::Offset<tflite::Buffer>, unsigned long> const*, TfLiteEvalTensor*)
 .text._ZN6tflite14MicroAllocator25AllocateTfLiteEvalTensorsEPKNS_5ModelEPNS_19SubgraphAllocationsE
                0x40002908      0x28c tflm/build/libtflm.a(micro_allocator.o)
                0x40002908                tflite::MicroAllocator::AllocateTfLiteEvalTensors(tflite::Model const*, tflite::SubgraphAllocations*)
 .text._ZN6tflite14MicroAllocator6CreateEPNS_26SingleArenaBufferAllocatorEPNS_18MicroMemoryPlannerE
                0x40002b94       0x7c tflm/build/libtflm.a(micro_allocator.o)
                0x40002b94                tflite::MicroAllocator::Create(tflite::SingleArenaBufferAllocator*, tflite::MicroMemoryPlanner*)
 .text._ZN6tflite14MicroAllocator6CreateEPhjNS_17MemoryPlannerTypeE
                0x40002c10       0xbc tflm/build/libtflm.a(micro_allocator.o)
                0x40002c10                tflite::MicroAllocator::Create(unsigned char*, unsigned int, tflite::MemoryPlannerType)
 .text._ZN6tflite14MicroAllocator20StartModelAllocationEPKNS_5ModelE
                0x40002ccc      0x184 tflm/build/libtflm.a(micro_allocator.o)
                0x40002ccc                tflite::MicroAllocator::StartModelAllocation(tflite::Model const*)
 .text._ZN6tflite14MicroAllocator21FinishModelAllocationEPKNS_5ModelEPNS_19SubgraphAllocationsEPPNS_19ScratchBufferHandleE
                0x40002e50      0x11c tflm/build/libtflm.a(micro_allocator.o)
                0x40002e50                tflite::MicroAllocator::FinishModelAllocation(tflite::Model const*, tflite::SubgraphAllocations*, tflite::ScratchBufferHandle**)
 .text._ZN6tflite14MicroAllocator27RequestScratchBufferInArenaEjiPi
                0x40002f6c       0xf0 tflm/build/libtflm.a(micro_allocator.o)
                0x40002f6c                tflite::MicroAllocator::RequestScratchBufferInArena(unsigned int, int, int*)
 .text._ZN6tflite14MicroAllocator28FinishPrepareNodeAllocationsEi
                0x4000305c       0xd0 tflm/build/libtflm.a(micro_allocator.o)
                0x4000305c                tflite::MicroAllocator::FinishPrepareNodeAllocations(int)
 .text._ZNK6tflite14MicroAllocator10used_bytesEv
                0x4000312c       0x4c tflm/build/libtflm.a(micro_allocator.o)
                0x4000312c                tflite::MicroAllocator::used_bytes() const
 .text._ZN6tflite14MicroAllocator23GetBuiltinDataAllocatorEv
                0x40003178        0x8 tflm/build/libtflm.a(micro_allocator.o)
                0x40003178                tflite::MicroAllocator::GetBuiltinDataAllocator()
 .text.DebugLog
                0x40003180       0x1c tflm/build/libtflm.a(debug_log.o)
                0x40003180                DebugLog
 .text._ZN6tflite23MicroInterpreterContext5graphEv
                0x4000319c        0x8 tflm/build/libtflm.a(micro_interpreter_context.o)
                0x4000319c                tflite::MicroInterpreterContext::graph()
 .text._ZN6tflite23MicroInterpreterContextD0Ev
                0x400031a4        0x4 tflm/build/libtflm.a(micro_interpreter_context.o)
                0x400031a4                tflite::MicroInterpreterContext::~MicroInterpreterContext()
                0x400031a4                tflite::MicroInterpreterContext::~MicroInterpreterContext()
                0x400031a4                tflite::MicroInterpreterContext::~MicroInterpreterContext()
 .text._ZN6tflite23MicroInterpreterContext24AllocateTempTfLiteTensorEi
                0x400031a8       0x28 tflm/build/libtflm.a(micro_interpreter_context.o)
                0x400031a8                tflite::MicroInterpreterContext::AllocateTempTfLiteTensor(int)
 .text._ZN6tflite23MicroInterpreterContext26DeallocateTempTfLiteTensorEP12TfLiteTensor
                0x400031d0       0x10 tflm/build/libtflm.a(micro_interpreter_context.o)
                0x400031d0                tflite::MicroInterpreterContext::DeallocateTempTfLiteTensor(TfLiteTensor*)
 .text._ZN6tflite23MicroInterpreterContext13GetEvalTensorEi
                0x400031e0       0x2c tflm/build/libtflm.a(micro_interpreter_context.o)
                0x400031e0                tflite::MicroInterpreterContext::GetEvalTensor(int)
 .text._ZN6tflite23MicroInterpreterContext20SetAlternateProfilerEPNS_22MicroProfilerInterfaceE
                0x4000320c        0xc tflm/build/libtflm.a(micro_interpreter_context.o)
                0x4000320c                tflite::MicroInterpreterContext::SetAlternateProfiler(tflite::MicroProfilerInterface*)
 .text._ZNK6tflite23MicroInterpreterContext20GetAlternateProfilerEv
                0x40003218        0x8 tflm/build/libtflm.a(micro_interpreter_context.o)
                0x40003218                tflite::MicroInterpreterContext::GetAlternateProfiler() const
 .text._ZN6tflite23MicroInterpreterContext24AllocatePersistentBufferEj
                0x40003220       0x28 tflm/build/libtflm.a(micro_interpreter_context.o)
                0x40003220                tflite::MicroInterpreterContext::AllocatePersistentBuffer(unsigned int)
 .text._ZN6tflite23MicroInterpreterContext16GetScratchBufferEi
                0x40003248       0x2c tflm/build/libtflm.a(micro_interpreter_context.o)
                0x40003248                tflite::MicroInterpreterContext::GetScratchBuffer(int)
 .text._ZN6tflite23MicroInterpreterContext18AllocateTempBufferEjj
                0x40003274       0x28 tflm/build/libtflm.a(micro_interpreter_context.o)
                0x40003274                tflite::MicroInterpreterContext::AllocateTempBuffer(unsigned int, unsigned int)
 .text._ZN6tflite23MicroInterpreterContext20DeallocateTempBufferEPh
                0x4000329c       0x28 tflm/build/libtflm.a(micro_interpreter_context.o)
                0x4000329c                tflite::MicroInterpreterContext::DeallocateTempBuffer(unsigned char*)
 .text._ZN6tflite23MicroInterpreterContext27RequestScratchBufferInArenaEjPi
                0x400032c4       0x2c tflm/build/libtflm.a(micro_interpreter_context.o)
                0x400032c4                tflite::MicroInterpreterContext::RequestScratchBufferInArena(unsigned int, int*)
 .text._ZN6tflite23MicroInterpreterContext22SetDecompressionMemoryERKSt16initializer_listINS_12MicroContext21AlternateMemoryRegionEE
                0x400032f0       0x14 tflm/build/libtflm.a(micro_interpreter_context.o)
                0x400032f0                tflite::MicroInterpreterContext::SetDecompressionMemory(std::initializer_list<tflite::MicroContext::AlternateMemoryRegion> const&)
 .text._ZN6tflite23MicroInterpreterContext27AllocateDecompressionMemoryEjj
                0x40003304       0x1c tflm/build/libtflm.a(micro_interpreter_context.o)
                0x40003304                tflite::MicroInterpreterContext::AllocateDecompressionMemory(unsigned int, unsigned int)
 .text._ZN6tflite23MicroInterpreterContext20set_external_contextEPv
                0x40003320       0x60 tflm/build/libtflm.a(micro_interpreter_context.o)
                0x40003320                tflite::MicroInterpreterContext::set_external_context(void*)
 .text._ZN6tflite23MicroInterpreterContextC2EPNS_14MicroAllocatorEPKNS_5ModelEPNS_21MicroInterpreterGraphE
                0x40003380       0x34 tflm/build/libtflm.a(micro_interpreter_context.o)
                0x40003380                tflite::MicroInterpreterContext::MicroInterpreterContext(tflite::MicroAllocator*, tflite::Model const*, tflite::MicroInterpreterGraph*)
                0x40003380                tflite::MicroInterpreterContext::MicroInterpreterContext(tflite::MicroAllocator*, tflite::Model const*, tflite::MicroInterpreterGraph*)
 .text._ZN6tflite23MicroInterpreterContext23SetScratchBufferHandlesEPNS_19ScratchBufferHandleE
                0x400033b4        0x8 tflm/build/libtflm.a(micro_interpreter_context.o)
                0x400033b4                tflite::MicroInterpreterContext::SetScratchBufferHandles(tflite::ScratchBufferHandle*)
 .text._ZN6tflite23MicroInterpreterContext19SetInterpreterStateENS0_16InterpreterStateE
                0x400033bc        0x8 tflm/build/libtflm.a(micro_interpreter_context.o)
                0x400033bc                tflite::MicroInterpreterContext::SetInterpreterState(tflite::MicroInterpreterContext::InterpreterState)
 .text._ZN6tflite21MicroInterpreterGraph20GetResourceVariablesEv
                0x400033c4        0x8 tflm/build/libtflm.a(micro_interpreter_graph.o)
                0x400033c4                tflite::MicroInterpreterGraph::GetResourceVariables()
 .text._ZN6tflite21MicroInterpreterGraphD0Ev
                0x400033cc        0x4 tflm/build/libtflm.a(micro_interpreter_graph.o)
                0x400033cc                tflite::MicroInterpreterGraph::~MicroInterpreterGraph()
                0x400033cc                tflite::MicroInterpreterGraph::~MicroInterpreterGraph()
                0x400033cc                tflite::MicroInterpreterGraph::~MicroInterpreterGraph()
 .text._ZN6tflite21MicroInterpreterGraph13InitSubgraphsEv
                0x400033d0      0x110 tflm/build/libtflm.a(micro_interpreter_graph.o)
                0x400033d0                tflite::MicroInterpreterGraph::InitSubgraphs()
 .text._ZN6tflite21MicroInterpreterGraph14ResetSubgraphsEv
                0x400034e0       0xe0 tflm/build/libtflm.a(micro_interpreter_graph.o)
                0x400034e0                tflite::MicroInterpreterGraph::ResetSubgraphs()
 .text._ZN6tflite21MicroInterpreterGraph13FreeSubgraphsEv
                0x400035c0       0xe0 tflm/build/libtflm.a(micro_interpreter_graph.o)
                0x400035c0                tflite::MicroInterpreterGraph::FreeSubgraphs()
 .text._ZNK11flatbuffers6VectorIlmE3GetEm.part.0
                0x400036a0       0x28 tflm/build/libtflm.a(micro_interpreter_graph.o)
 .text._ZNK11flatbuffers6VectorINS_6OffsetIN6tflite8SubGraphEEEmE3GetEm.part.0
                0x400036c8       0x28 tflm/build/libtflm.a(micro_interpreter_graph.o)
 .text._ZN6tflite21MicroInterpreterGraph17GetSubgraphOutputEii
                0x400036f0       0xcc tflm/build/libtflm.a(micro_interpreter_graph.o)
                0x400036f0                tflite::MicroInterpreterGraph::GetSubgraphOutput(int, int)
 .text._ZN6tflite21MicroInterpreterGraph20ResetVariableTensorsEv
                0x400037bc      0x250 tflm/build/libtflm.a(micro_interpreter_graph.o)
                0x400037bc                tflite::MicroInterpreterGraph::ResetVariableTensors()
 .text._ZN6tflite21MicroInterpreterGraph14InvokeSubgraphEi
                0x40003a0c      0x25c tflm/build/libtflm.a(micro_interpreter_graph.o)
                0x40003a0c                tflite::MicroInterpreterGraph::InvokeSubgraph(int)
 .text._ZN6tflite21MicroInterpreterGraph12NumSubgraphsEv
                0x40003c68       0x3c tflm/build/libtflm.a(micro_interpreter_graph.o)
                0x40003c68                tflite::MicroInterpreterGraph::NumSubgraphs()
 .text._ZN6tflite21MicroInterpreterGraph17NumSubgraphInputsEi
                0x40003ca4       0x94 tflm/build/libtflm.a(micro_interpreter_graph.o)
                0x40003ca4                tflite::MicroInterpreterGraph::NumSubgraphInputs(int)
 .text._ZN6tflite21MicroInterpreterGraph18NumSubgraphOutputsEi
                0x40003d38       0x90 tflm/build/libtflm.a(micro_interpreter_graph.o)
                0x40003d38                tflite::MicroInterpreterGraph::NumSubgraphOutputs(int)
 .text._ZN6tflite21MicroInterpreterGraph16GetSubgraphInputEii
                0x40003dc8       0xd0 tflm/build/libtflm.a(micro_interpreter_graph.o)
                0x40003dc8                tflite::MicroInterpreterGraph::GetSubgraphInput(int, int)
 .text._ZN6tflite21MicroInterpreterGraph16PrepareSubgraphsEv
                0x40003e98      0x2f0 tflm/build/libtflm.a(micro_interpreter_graph.o)
                0x40003e98                tflite::MicroInterpreterGraph::PrepareSubgraphs()
 .text._ZN6tflite21MicroInterpreterGraphC2EP13TfLiteContextPKNS_5ModelEPNS_14MicroAllocatorEPNS_22MicroResourceVariablesE
                0x40004188       0x64 tflm/build/libtflm.a(micro_interpreter_graph.o)
                0x40004188                tflite::MicroInterpreterGraph::MicroInterpreterGraph(TfLiteContext*, tflite::Model const*, tflite::MicroAllocator*, tflite::MicroResourceVariables*)
                0x40004188                tflite::MicroInterpreterGraph::MicroInterpreterGraph(TfLiteContext*, tflite::Model const*, tflite::MicroAllocator*, tflite::MicroResourceVariables*)
 .text._ZN6tflite21MicroInterpreterGraph22SetSubgraphAllocationsEPNS_19SubgraphAllocationsE
                0x400041ec        0x8 tflm/build/libtflm.a(micro_interpreter_graph.o)
                0x400041ec                tflite::MicroInterpreterGraph::SetSubgraphAllocations(tflite::SubgraphAllocations*)
 .text._ZN6tflite12_GLOBAL__N_118FullyConnectedInitEP13TfLiteContextPKcj
                0x400041f4       0x1c tflm/build/libtflm.a(fully_connected.o)
 .text._ZN6tflite12_GLOBAL__N_121FullyConnectedPrepareEP13TfLiteContextP10TfLiteNode
                0x40004210      0x37c tflm/build/libtflm.a(fully_connected.o)
 .text._ZN6tflite21reference_integer_ops14FullyConnectedIaaalEEvRKNS_20FullyConnectedParamsERKNS_12RuntimeShapeEPKT_S7_PKT0_S7_PKT2_S7_PT1_.isra.0
                0x4000458c      0x234 tflm/build/libtflm.a(fully_connected.o)
 .text._ZN6tflite12_GLOBAL__N_118FullyConnectedEvalEP13TfLiteContextP10TfLiteNode
                0x400047c0     0x118c tflm/build/libtflm.a(fully_connected.o)
 .text._ZN6tflite24Register_FULLY_CONNECTEDEv
                0x4000594c       0x48 tflm/build/libtflm.a(fully_connected.o)
                0x4000594c                tflite::Register_FULLY_CONNECTED()
 .text._ZN6tflite5micro10RegisterOpEPFPvP13TfLiteContextPKcjEPF12TfLiteStatusS3_P10TfLiteNodeESC_PFvS3_S1_ESE_
                0x40005994       0x20 tflm/build/libtflm.a(kernel_util.o)
                0x40005994                tflite::micro::RegisterOp(void* (*)(TfLiteContext*, char const*, unsigned int), TfLiteStatus (*)(TfLiteContext*, TfLiteNode*), TfLiteStatus (*)(TfLiteContext*, TfLiteNode*), void (*)(TfLiteContext*, void*), void (*)(TfLiteContext*, void*))
 .text._ZN6tflite5micro12GetEvalInputEPK13TfLiteContextPK10TfLiteNodei
                0x400059b4       0x50 tflm/build/libtflm.a(kernel_util.o)
                0x400059b4                tflite::micro::GetEvalInput(TfLiteContext const*, TfLiteNode const*, int)
 .text._ZN6tflite5micro13GetEvalOutputEPK13TfLiteContextPK10TfLiteNodei
                0x40005a04       0x2c tflm/build/libtflm.a(kernel_util.o)
                0x40005a04                tflite::micro::GetEvalOutput(TfLiteContext const*, TfLiteNode const*, int)
 .text._ZN6tflite5micro14GetTensorShapeEPK16TfLiteEvalTensor
                0x40005a30       0x6c tflm/build/libtflm.a(kernel_util.o)
                0x40005a30                tflite::micro::GetTensorShape(TfLiteEvalTensor const*)
 .text._ZN6tflite17ConvertTensorTypeENS_10TensorTypeEP10TfLiteType
                0x40005a9c       0x3c tflm/build/libtflm.a(flatbuffer_conversions_bridge.o)
                0x40005a9c                tflite::ConvertTensorType(tflite::TensorType, TfLiteType*)
 .text._ZN6tflite24CallBuiltinParseFunctionEPF12TfLiteStatusPKNS_8OperatorEPNS_13ErrorReporterEPNS_20BuiltinDataAllocatorEPPvES3_S7_S9_
                0x40005ad8       0x5c tflm/build/libtflm.a(flatbuffer_conversions_bridge.o)
                0x40005ad8                tflite::CallBuiltinParseFunction(TfLiteStatus (*)(tflite::Operator const*, tflite::ErrorReporter*, tflite::BuiltinDataAllocator*, void**), tflite::Operator const*, tflite::BuiltinDataAllocator*, void**)
 .text._ZN6tflite18MicroErrorReporterD0Ev
                0x40005b34        0x4 tflm/build/libtflm.a(micro_error_reporter.o)
                0x40005b34                tflite::MicroErrorReporter::~MicroErrorReporter()
                0x40005b34                tflite::MicroErrorReporter::~MicroErrorReporter()
                0x40005b34                tflite::MicroErrorReporter::~MicroErrorReporter()
 .text._ZN6tflite18MicroErrorReporter6ReportEPKcPv
                0x40005b38       0x24 tflm/build/libtflm.a(micro_error_reporter.o)
                0x40005b38                tflite::MicroErrorReporter::Report(char const*, void*)
 .text._ZN6tflite21GetMicroErrorReporterEv
                0x40005b5c       0x30 tflm/build/libtflm.a(micro_error_reporter.o)
                0x40005b5c                tflite::GetMicroErrorReporter()
 .text._ZN6tflite14AlignPointerUpEPhj
                0x40005b8c       0x14 tflm/build/libtflm.a(memory_helpers.o)
                0x40005b8c                tflite::AlignPointerUp(unsigned char*, unsigned int)
 .text._ZN6tflite16AlignPointerDownEPhj
                0x40005ba0        0xc tflm/build/libtflm.a(memory_helpers.o)
                0x40005ba0                tflite::AlignPointerDown(unsigned char*, unsigned int)
 .text._ZN6tflite11AlignSizeUpEjj
                0x40005bac       0x14 tflm/build/libtflm.a(memory_helpers.o)
                0x40005bac                tflite::AlignSizeUp(unsigned int, unsigned int)
 .text._ZN6tflite16TfLiteTypeSizeOfE10TfLiteTypePj
                0x40005bc0       0xb0 tflm/build/libtflm.a(memory_helpers.o)
                0x40005bc0                tflite::TfLiteTypeSizeOf(TfLiteType, unsigned int*)
 .text._ZN6tflite22BytesRequiredForTensorERKNS_6TensorEPjS3_
                0x40005c70       0xfc tflm/build/libtflm.a(memory_helpers.o)
                0x40005c70                tflite::BytesRequiredForTensor(tflite::Tensor const&, unsigned int*, unsigned int*)
 .text._ZN6tflite26TfLiteEvalTensorByteLengthEPK16TfLiteEvalTensorPj
                0x40005d6c       0x7c tflm/build/libtflm.a(memory_helpers.o)
                0x40005d6c                tflite::TfLiteEvalTensorByteLength(TfLiteEvalTensor const*, unsigned int*)
 .text._ZNK6tflite19GreedyMemoryPlanner21preserves_all_tensorsEv
                0x40005de8        0x8 tflm/build/libtflm.a(greedy_memory_planner.o)
                0x40005de8                tflite::GreedyMemoryPlanner::preserves_all_tensors() const
 .text._ZN6tflite19GreedyMemoryPlanner4InitEPhi
                0x40005df0       0x64 tflm/build/libtflm.a(greedy_memory_planner.o)
                0x40005df0                tflite::GreedyMemoryPlanner::Init(unsigned char*, int)
 .text._ZN6tflite19GreedyMemoryPlannerD0Ev
                0x40005e54        0x4 tflm/build/libtflm.a(greedy_memory_planner.o)
                0x40005e54                tflite::GreedyMemoryPlanner::~GreedyMemoryPlanner()
                0x40005e54                tflite::GreedyMemoryPlanner::~GreedyMemoryPlanner()
                0x40005e54                tflite::GreedyMemoryPlanner::~GreedyMemoryPlanner()
 .text._ZN6tflite19GreedyMemoryPlanner14GetBufferCountEv
                0x40005e58        0x8 tflm/build/libtflm.a(greedy_memory_planner.o)
                0x40005e58                tflite::GreedyMemoryPlanner::GetBufferCount()
 .text._ZN6tflite19GreedyMemoryPlanner9AddBufferEiii
                0x40005e60       0x6c tflm/build/libtflm.a(greedy_memory_planner.o)
                0x40005e60                tflite::GreedyMemoryPlanner::AddBuffer(int, int, int)
 .text._ZN6tflite19GreedyMemoryPlanner9AddBufferEiiii
                0x40005ecc       0xa8 tflm/build/libtflm.a(greedy_memory_planner.o)
                0x40005ecc                tflite::GreedyMemoryPlanner::AddBuffer(int, int, int, int)
 .text._ZN6tflite18ReverseSortInPlaceEPiS0_i
                0x40005f74       0x60 tflm/build/libtflm.a(greedy_memory_planner.o)
                0x40005f74                tflite::ReverseSortInPlace(int*, int*, int)
 .text._ZN6tflite19GreedyMemoryPlannerC2Ev
                0x40005fd4       0x10 tflm/build/libtflm.a(greedy_memory_planner.o)
                0x40005fd4                tflite::GreedyMemoryPlanner::GreedyMemoryPlanner()
                0x40005fd4                tflite::GreedyMemoryPlanner::GreedyMemoryPlanner()
 .text._ZN6tflite19GreedyMemoryPlanner30NextSimultaneouslyActiveBufferEPKNS0_9ListEntryEii
                0x40005fe4       0x90 tflm/build/libtflm.a(greedy_memory_planner.o)
                0x40005fe4                tflite::GreedyMemoryPlanner::NextSimultaneouslyActiveBuffer(tflite::GreedyMemoryPlanner::ListEntry const*, int, int)
 .text._ZN6tflite19GreedyMemoryPlanner24CalculateOffsetsIfNeededEv
                0x40006074      0x314 tflm/build/libtflm.a(greedy_memory_planner.o)
                0x40006074                tflite::GreedyMemoryPlanner::CalculateOffsetsIfNeeded()
 .text._ZN6tflite19GreedyMemoryPlanner20GetMaximumMemorySizeEv
                0x40006388       0xa8 tflm/build/libtflm.a(greedy_memory_planner.o)
                0x40006388                tflite::GreedyMemoryPlanner::GetMaximumMemorySize()
 .text._ZN6tflite19GreedyMemoryPlanner15PrintMemoryPlanEv
                0x40006430      0x320 tflm/build/libtflm.a(greedy_memory_planner.o)
                0x40006430                tflite::GreedyMemoryPlanner::PrintMemoryPlan()
 .text._ZN6tflite19GreedyMemoryPlanner18GetOffsetForBufferEiPi
                0x40006750       0x90 tflm/build/libtflm.a(greedy_memory_planner.o)
                0x40006750                tflite::GreedyMemoryPlanner::GetOffsetForBuffer(int, int*)
 .text._ZN6tflite18MicroMemoryPlanner15PrintMemoryPlanEv
                0x400067e0        0x4 tflm/build/libtflm.a(linear_memory_planner.o)
                0x400067e0                tflite::MicroMemoryPlanner::PrintMemoryPlan()
 .text._ZNK6tflite19LinearMemoryPlanner21preserves_all_tensorsEv
                0x400067e4        0x8 tflm/build/libtflm.a(linear_memory_planner.o)
                0x400067e4                tflite::LinearMemoryPlanner::preserves_all_tensors() const
 .text._ZN6tflite19LinearMemoryPlannerD0Ev
                0x400067ec        0x4 tflm/build/libtflm.a(linear_memory_planner.o)
                0x400067ec                tflite::LinearMemoryPlanner::~LinearMemoryPlanner()
                0x400067ec                tflite::LinearMemoryPlanner::~LinearMemoryPlanner()
                0x400067ec                tflite::LinearMemoryPlanner::~LinearMemoryPlanner()
 .text._ZN6tflite19LinearMemoryPlanner20GetMaximumMemorySizeEv
                0x400067f0       0x10 tflm/build/libtflm.a(linear_memory_planner.o)
                0x400067f0                tflite::LinearMemoryPlanner::GetMaximumMemorySize()
 .text._ZN6tflite19LinearMemoryPlanner14GetBufferCountEv
                0x40006800       0x10 tflm/build/libtflm.a(linear_memory_planner.o)
                0x40006800                tflite::LinearMemoryPlanner::GetBufferCount()
 .text._ZN6tflite19LinearMemoryPlanner9AddBufferEiii
                0x40006810       0x64 tflm/build/libtflm.a(linear_memory_planner.o)
                0x40006810                tflite::LinearMemoryPlanner::AddBuffer(int, int, int)
 .text._ZN6tflite19LinearMemoryPlanner18GetOffsetForBufferEiPi
                0x40006874       0x5c tflm/build/libtflm.a(linear_memory_planner.o)
                0x40006874                tflite::LinearMemoryPlanner::GetOffsetForBuffer(int, int*)
 .text._ZN6tflite19LinearMemoryPlannerC2Ev
                0x400068d0       0x20 tflm/build/libtflm.a(linear_memory_planner.o)
                0x400068d0                tflite::LinearMemoryPlanner::LinearMemoryPlanner()
                0x400068d0                tflite::LinearMemoryPlanner::LinearMemoryPlanner()
 .text._ZNK11flatbuffers6VectorINS_6OffsetIN6tflite8SubGraphEEEmE3GetEm.part.0
                0x400068f0       0x28 tflm/build/libtflm.a(micro_allocation_info.o)
 .text._ZN6tflite21AllocationInfoBuilder20CreateAllocationInfoEi
                0x40006918      0x194 tflm/build/libtflm.a(micro_allocation_info.o)
                0x40006918                tflite::AllocationInfoBuilder::CreateAllocationInfo(int)
 .text._ZN6tflite21AllocationInfoBuilder18FreeAllocationInfoEv
                0x40006aac       0x4c tflm/build/libtflm.a(micro_allocation_info.o)
                0x40006aac                tflite::AllocationInfoBuilder::FreeAllocationInfo()
 .text._ZN6tflite21AllocationInfoBuilder16ValidateSubgraphEPKNS_8SubGraphEP16TfLiteEvalTensor
                0x40006af8      0x1bc tflm/build/libtflm.a(micro_allocation_info.o)
                0x40006af8                tflite::AllocationInfoBuilder::ValidateSubgraph(tflite::SubGraph const*, TfLiteEvalTensor*)
 .text._ZN6tflite21AllocationInfoBuilder24InitializeAllocationInfoEPKlPNS_19SubgraphAllocationsE
                0x40006cb4      0x338 tflm/build/libtflm.a(micro_allocation_info.o)
                0x40006cb4                tflite::AllocationInfoBuilder::InitializeAllocationInfo(long const*, tflite::SubgraphAllocations*)
 .text._ZN6tflite21AllocationInfoBuilder23MarkAllocationLifetimesEiPNS_8internal20ScratchBufferRequestEPNS_19ScratchBufferHandleEPNS_19SubgraphAllocationsE
                0x40006fec      0x484 tflm/build/libtflm.a(micro_allocation_info.o)
                0x40006fec                tflite::AllocationInfoBuilder::MarkAllocationLifetimes(int, tflite::internal::ScratchBufferRequest*, tflite::ScratchBufferHandle*, tflite::SubgraphAllocations*)
 .text._ZN6tflite21AllocationInfoBuilder32MarkSubgraphLifetimesIfNecessaryEPKNS_8OperatorEPNS_8internal20ScratchBufferRequestEPNS_19ScratchBufferHandleEPNS_19SubgraphAllocationsE
                0x40007470      0x2f8 tflm/build/libtflm.a(micro_allocation_info.o)
                0x40007470                tflite::AllocationInfoBuilder::MarkSubgraphLifetimesIfNecessary(tflite::Operator const*, tflite::internal::ScratchBufferRequest*, tflite::ScratchBufferHandle*, tflite::SubgraphAllocations*)
 .text._ZN6tflite21AllocationInfoBuilder24GetOfflinePlannedOffsetsEPPKl
                0x40007768      0x21c tflm/build/libtflm.a(micro_allocation_info.o)
                0x40007768                tflite::AllocationInfoBuilder::GetOfflinePlannedOffsets(long const**)
 .text._ZN6tflite22MicroResourceVariables8ResetAllEv
                0x40007984       0x74 tflm/build/libtflm.a(micro_resource_variable.o)
                0x40007984                tflite::MicroResourceVariables::ResetAll()
 .text.TfLiteIntArrayGetSizeInBytes
                0x400079f8        0xc tflm/build/libtflm.a(common.o)
                0x400079f8                TfLiteIntArrayGetSizeInBytes
 .text.TfLiteTypeGetName
                0x40007a04       0x2c tflm/build/libtflm.a(common.o)
                0x40007a04                TfLiteTypeGetName
 .text._ZN6tflite17ConvertTensorTypeENS_10TensorTypeEP10TfLiteTypePNS_13ErrorReporterE
                0x40007a30      0x14c tflm/build/libtflm.a(flatbuffer_conversions.o)
                0x40007a30                tflite::ConvertTensorType(tflite::TensorType, TfLiteType*, tflite::ErrorReporter*)
 .text._ZN6tflite19ParseFullyConnectedEPKNS_8OperatorEPNS_13ErrorReporterEPNS_20BuiltinDataAllocatorEPPv
                0x40007b7c      0x254 tflm/build/libtflm.a(flatbuffer_conversions.o)
                0x40007b7c                tflite::ParseFullyConnected(tflite::Operator const*, tflite::ErrorReporter*, tflite::BuiltinDataAllocator*, void**)
 .text._ZN6tflite12tensor_utils23UnpackDenseInt4IntoInt8EPKaiPa
                0x40007dd0       0x68 tflm/build/libtflm.a(portable_tensor_utils.o)
                0x40007dd0                tflite::tensor_utils::UnpackDenseInt4IntoInt8(signed char const*, int, signed char*)
 .text._ZN6tflite29MultiplyByQuantizedMultiplierElli
                0x40007e38      0x104 tflm/build/libtflm.a(common.o)
                0x40007e38                tflite::MultiplyByQuantizedMultiplier(long, long, int)
 .text._ZN6tflite29MultiplyByQuantizedMultiplierExli
                0x40007f3c      0x13c tflm/build/libtflm.a(common.o)
                0x40007f3c                tflite::MultiplyByQuantizedMultiplier(long long, long, int)
 .text._ZN6tflite14GetBuiltinCodeEPKNS_12OperatorCodeE
                0x40008078       0x80 tflm/build/libtflm.a(schema_utils.o)
                0x40008078                tflite::GetBuiltinCode(tflite::OperatorCode const*)
 .text._ZN6tflite13ErrorReporter6ReportEPKcz
                0x400080f8       0x40 tflm/build/libtflm.a(error_reporter.o)
                0x400080f8                tflite::ErrorReporter::Report(char const*, ...)
 .text._ZN6tflite26SingleArenaBufferAllocatorD0Ev
                0x40008138        0x4 tflm/build/libtflm.a(single_arena_buffer_allocator.o)
                0x40008138                tflite::SingleArenaBufferAllocator::~SingleArenaBufferAllocator()
                0x40008138                tflite::SingleArenaBufferAllocator::~SingleArenaBufferAllocator()
                0x40008138                tflite::SingleArenaBufferAllocator::~SingleArenaBufferAllocator()
 .text._ZN6tflite26SingleArenaBufferAllocator14DeallocateTempEPh
                0x4000813c       0x1c tflm/build/libtflm.a(single_arena_buffer_allocator.o)
                0x4000813c                tflite::SingleArenaBufferAllocator::DeallocateTemp(unsigned char*)
 .text._ZNK6tflite26SingleArenaBufferAllocator23GetOverlayMemoryAddressEv
                0x40008158        0x8 tflm/build/libtflm.a(single_arena_buffer_allocator.o)
                0x40008158                tflite::SingleArenaBufferAllocator::GetOverlayMemoryAddress() const
 .text._ZNK6tflite26SingleArenaBufferAllocator25GetNonPersistentUsedBytesEv
                0x40008160       0x20 tflm/build/libtflm.a(single_arena_buffer_allocator.o)
                0x40008160                tflite::SingleArenaBufferAllocator::GetNonPersistentUsedBytes() const
 .text._ZNK6tflite26SingleArenaBufferAllocator22GetPersistentUsedBytesEv
                0x40008180       0x10 tflm/build/libtflm.a(single_arena_buffer_allocator.o)
                0x40008180                tflite::SingleArenaBufferAllocator::GetPersistentUsedBytes() const
 .text._ZN6tflite26SingleArenaBufferAllocator23AllocateResizableBufferEjj
                0x40008190       0x78 tflm/build/libtflm.a(single_arena_buffer_allocator.o)
                0x40008190                tflite::SingleArenaBufferAllocator::AllocateResizableBuffer(unsigned int, unsigned int)
 .text._ZN6tflite26SingleArenaBufferAllocator33ReserveNonPersistentOverlayMemoryEjj
                0x40008208       0x5c tflm/build/libtflm.a(single_arena_buffer_allocator.o)
                0x40008208                tflite::SingleArenaBufferAllocator::ReserveNonPersistentOverlayMemory(unsigned int, unsigned int)
 .text._ZN6tflite26SingleArenaBufferAllocator12ResizeBufferEPhjj
                0x40008264       0xcc tflm/build/libtflm.a(single_arena_buffer_allocator.o)
                0x40008264                tflite::SingleArenaBufferAllocator::ResizeBuffer(unsigned char*, unsigned int, unsigned int)
 .text._ZN6tflite26SingleArenaBufferAllocator12AllocateTempEjj
                0x40008330       0x80 tflm/build/libtflm.a(single_arena_buffer_allocator.o)
                0x40008330                tflite::SingleArenaBufferAllocator::AllocateTemp(unsigned int, unsigned int)
 .text._ZN6tflite26SingleArenaBufferAllocator20IsAllTempDeallocatedEv
                0x400083b0       0x40 tflm/build/libtflm.a(single_arena_buffer_allocator.o)
                0x400083b0                tflite::SingleArenaBufferAllocator::IsAllTempDeallocated()
 .text._ZN6tflite26SingleArenaBufferAllocator24AllocatePersistentBufferEjj
                0x400083f0       0x68 tflm/build/libtflm.a(single_arena_buffer_allocator.o)
                0x400083f0                tflite::SingleArenaBufferAllocator::AllocatePersistentBuffer(unsigned int, unsigned int)
 .text._ZNK6tflite26SingleArenaBufferAllocator18GetAvailableMemoryEj
                0x40008458       0x4c tflm/build/libtflm.a(single_arena_buffer_allocator.o)
                0x40008458                tflite::SingleArenaBufferAllocator::GetAvailableMemory(unsigned int) const
 .text._ZThn4_N6tflite26SingleArenaBufferAllocatorD1Ev
                0x400084a4        0x4 tflm/build/libtflm.a(single_arena_buffer_allocator.o)
                0x400084a4                non-virtual thunk to tflite::SingleArenaBufferAllocator::~SingleArenaBufferAllocator()
 .text._ZThn4_N6tflite26SingleArenaBufferAllocatorD0Ev
                0x400084a8        0x4 tflm/build/libtflm.a(single_arena_buffer_allocator.o)
                0x400084a8                non-virtual thunk to tflite::SingleArenaBufferAllocator::~SingleArenaBufferAllocator()
 .text._ZThn4_NK6tflite26SingleArenaBufferAllocator22GetPersistentUsedBytesEv
                0x400084ac       0x10 tflm/build/libtflm.a(single_arena_buffer_allocator.o)
                0x400084ac                non-virtual thunk to tflite::SingleArenaBufferAllocator::GetPersistentUsedBytes() const
 .text._ZN6tflite26SingleArenaBufferAllocator20ResetTempAllocationsEv
                0x400084bc       0x8c tflm/build/libtflm.a(single_arena_buffer_allocator.o)
                0x400084bc                tflite::SingleArenaBufferAllocator::ResetTempAllocations()
 .text._ZThn4_N6tflite26SingleArenaBufferAllocator24AllocatePersistentBufferEjj
                0x40008548       0x68 tflm/build/libtflm.a(single_arena_buffer_allocator.o)
                0x40008548                non-virtual thunk to tflite::SingleArenaBufferAllocator::AllocatePersistentBuffer(unsigned int, unsigned int)
 .text._ZN6tflite26SingleArenaBufferAllocator25DeallocateResizableBufferEPh
                0x400085b0       0xa4 tflm/build/libtflm.a(single_arena_buffer_allocator.o)
                0x400085b0                tflite::SingleArenaBufferAllocator::DeallocateResizableBuffer(unsigned char*)
 .text._ZN6tflite26SingleArenaBufferAllocator6CreateEPhj
                0x40008654       0xa0 tflm/build/libtflm.a(single_arena_buffer_allocator.o)
                0x40008654                tflite::SingleArenaBufferAllocator::Create(unsigned char*, unsigned int)
 .text._ZN6tflite12MicroContext27AllocateDecompressionMemoryEjj
                0x400086f4       0xe4 tflm/build/libtflm.a(micro_context.o)
                0x400086f4                tflite::MicroContext::AllocateDecompressionMemory(unsigned int, unsigned int)
 .text._ZN6tflite12MicroContext35ResetDecompressionMemoryAllocationsEv
                0x400087d8       0x38 tflm/build/libtflm.a(micro_context.o)
                0x400087d8                tflite::MicroContext::ResetDecompressionMemoryAllocations()
 .text._ZN6tflite12MicroContext22SetDecompressionMemoryERKSt16initializer_listINS0_21AlternateMemoryRegionEE
                0x40008810       0xa0 tflm/build/libtflm.a(micro_context.o)
                0x40008810                tflite::MicroContext::SetDecompressionMemory(std::initializer_list<tflite::MicroContext::AlternateMemoryRegion> const&)
 .text._ZN6tflite12MicroContext23AllocateTempInputTensorEPK10TfLiteNodei
                0x400088b0       0x38 tflm/build/libtflm.a(micro_context.o)
                0x400088b0                tflite::MicroContext::AllocateTempInputTensor(TfLiteNode const*, int)
 .text._ZN6tflite12MicroContext24AllocateTempOutputTensorEPK10TfLiteNodei
                0x400088e8       0x38 tflm/build/libtflm.a(micro_context.o)
                0x400088e8                tflite::MicroContext::AllocateTempOutputTensor(TfLiteNode const*, int)
 .text._ZN6tflite25MicroContextReportOpErrorEP13TfLiteContextPKcz
                0x40008920       0x40 tflm/build/libtflm.a(micro_context.o)
                0x40008920                tflite::MicroContextReportOpError(TfLiteContext*, char const*, ...)
 .text._ZN6tflite20NumSubgraphOperatorsEPKNS_8SubGraphE
                0x40008960       0x40 tflm/build/libtflm.a(flatbuffer_utils.o)
                0x40008960                tflite::NumSubgraphOperators(tflite::SubGraph const*)
 .text._ZN6tflite20NumSubgraphOperatorsEPKNS_5ModelEi
                0x400089a0       0xac tflm/build/libtflm.a(flatbuffer_utils.o)
                0x400089a0                tflite::NumSubgraphOperators(tflite::Model const*, int)
 .text._ZN6tflite33FlatBufferVectorToTfLiteTypeArrayEPKN11flatbuffers6VectorIlmEE
                0x40008a4c        0x4 tflm/build/libtflm.a(flatbuffer_utils.o)
                0x40008a4c                tflite::FlatBufferVectorToTfLiteTypeArray(flatbuffers::Vector<long, unsigned long> const*)
 .text._ZN6tflite33FlatBufferVectorToTfLiteTypeArrayEPKN11flatbuffers6VectorIfmEE
                0x40008a50        0x4 tflm/build/libtflm.a(flatbuffer_utils.o)
                0x40008a50                tflite::FlatBufferVectorToTfLiteTypeArray(flatbuffers::Vector<float, unsigned long> const*)
 .text._ZN6tflite29FullyConnectedParamsQuantizedERKNS_20OpDataFullyConnectedE
                0x40008a54       0x44 tflm/build/libtflm.a(fully_connected_common.o)
                0x40008a54                tflite::FullyConnectedParamsQuantized(tflite::OpDataFullyConnected const&)
 .text._ZN6tflite25FullyConnectedParamsFloatE21TfLiteFusedActivation
                0x40008a98       0x80 tflm/build/libtflm.a(fully_connected_common.o)
                0x40008a98                tflite::FullyConnectedParamsFloat(TfLiteFusedActivation)
 .text._ZN6tflite29CalculateOpDataFullyConnectedEP13TfLiteContext21TfLiteFusedActivation10TfLiteTypePK12TfLiteTensorS6_S6_PS4_PNS_20OpDataFullyConnectedE
                0x40008b18      0x338 tflm/build/libtflm.a(fully_connected_common.o)
                0x40008b18                tflite::CalculateOpDataFullyConnected(TfLiteContext*, TfLiteFusedActivation, TfLiteType, TfLiteTensor const*, TfLiteTensor const*, TfLiteTensor const*, TfLiteTensor*, tflite::OpDataFullyConnected*)
 .text._ZN6tflite18QuantizeMultiplierEdPlPi.part.0
                0x40008e50       0x94 tflm/build/libtflm.a(quantization_util.o)
 .text._ZN6tflite18QuantizeMultiplierEdPlPi
                0x40008ee4       0x98 tflm/build/libtflm.a(quantization_util.o)
                0x40008ee4                tflite::QuantizeMultiplier(double, long*, int*)
 .text._ZN6tflite32GetQuantizedConvolutionMultiplerEP13TfLiteContextPK12TfLiteTensorS4_S4_PS2_Pd
                0x40008f7c      0x220 tflm/build/libtflm.a(kernel_util.o)
                0x40008f7c                tflite::GetQuantizedConvolutionMultipler(TfLiteContext*, TfLiteTensor const*, TfLiteTensor const*, TfLiteTensor const*, TfLiteTensor*, double*)
 .text._ZN6tflite33CalculateActivationRangeQuantizedEP13TfLiteContext21TfLiteFusedActivationP12TfLiteTensorPlS5_
                0x4000919c      0x384 tflm/build/libtflm.a(kernel_util.o)
                0x4000919c                tflite::CalculateActivationRangeQuantized(TfLiteContext*, TfLiteFusedActivation, TfLiteTensor*, long*, long*)
 .text.memcpy   0x40009520       0x24 ../build/colorlight_i5/software/libc/libc.a(memcpy-asm.S.o)
                0x40009520                memcpy
 .text.memset   0x40009544       0x1c ../build/colorlight_i5/software/libc/libc.a(memset.S.o)
                0x40009544                memset
 .text.strcmp   0x40009560       0x20 ../build/colorlight_i5/software/libc/libc.a(strcmp.S.o)
                0x40009560                strcmp
 .text.abort    0x40009580       0x18 ../build/colorlight_i5/software/libc/libc.a(libc_stdlib_abort.c.o)
                0x40009580                abort
 .text.__assert_func
                0x40009598       0x4c ../build/colorlight_i5/software/libc/libc.a(libc_stdlib_assert.c.o)
                0x40009598                __assert_func
 .text.strncmp  0x400095e4       0x3c ../build/colorlight_i5/software/libc/libc.a(libc_string_strncmp.c.o)
                0x400095e4                strncmp
 .text.fprintf  0x40009620       0x38 ../build/colorlight_i5/software/libc/libc.a(libc_tinystdio_fprintf.c.o)
                0x40009620                fprintf
 .text.__ultoa_invert
                0x40009658       0xf8 ../build/colorlight_i5/software/libc/libc.a(libc_tinystdio_vfiprintf.c.o)
 .text.vfprintf
                0x40009750      0x6e8 ../build/colorlight_i5/software/libc/libc.a(libc_tinystdio_vfiprintf.c.o)
                0x40009750                __i_vfprintf
                0x40009750                vfprintf
 .text.__fpclassifyf
                0x40009e38       0x4c ../build/colorlight_i5/software/libc/libc.a(libm_machine_riscv_sf_fpclassify.c.o)
                0x40009e38                __fpclassifyf
 .text.frexp    0x40009e84       0xdc ../build/colorlight_i5/software/libc/libc.a(libm_math_s_frexp.c.o)
                0x40009e84                frexp
 .text.sinf     0x40009f60       0xac ../build/colorlight_i5/software/libc/libc.a(libm_math_sf_sin.c.o)
                0x40009f60                _sinf
                0x40009f60                sinf
 .text.round    0x4000a00c      0x10c ../build/colorlight_i5/software/libc/libc.a(libm_common_s_round.c.o)
                0x4000a00c                round
 .text.__math_invalidf
                0x4000a118       0x40 ../build/colorlight_i5/software/libc/libc.a(libm_common_math_errf_invalidf.c.o)
                0x4000a118                __math_invalidf
 .text          0x4000a158       0x5c ../build/colorlight_i5/software/libc/libc.a(_libc.a)
 .text          0x4000a1b4       0x18 ../build/colorlight_i5/software/libc/libc.a(libc.a)
                0x4000a1b4                getentropy
                0x4000a1bc                getpid
                0x4000a1c4                _exit
                0x4000a1c8                kill
 .text.raise    0x4000a1cc       0x90 ../build/colorlight_i5/software/libc/libc.a(libc_signal_signal.c.o)
                0x4000a1cc                raise
 .text.strnlen  0x4000a25c       0x24 ../build/colorlight_i5/software/libc/libc.a(libc_string_strnlen.c.o)
                0x4000a25c                strnlen
 .text.__kernel_cosf
                0x4000a280      0x190 ../build/colorlight_i5/software/libc/libc.a(libm_math_kf_cos.c.o)
                0x4000a280                __kernel_cosf
 .text.__kernel_sinf
                0x4000a410      0x17c ../build/colorlight_i5/software/libc/libc.a(libm_math_kf_sin.c.o)
                0x4000a410                __kernel_sinf
 .text.__rem_pio2f
                0x4000a58c      0x488 ../build/colorlight_i5/software/libc/libc.a(libm_math_sf_rem_pio2.c.o)
                0x4000a58c                __rem_pio2f
 .text.fabsf    0x4000aa14        0xc ../build/colorlight_i5/software/libc/libc.a(libm_machine_riscv_sf_fabs.c.o)
                0x4000aa14                fabsf
 .text.__kernel_rem_pio2f
                0x4000aa20      0x88c ../build/colorlight_i5/software/libc/libc.a(libm_math_kf_rem_pio2.c.o)
                0x4000aa20                __kernel_rem_pio2f
 .text.floorf   0x4000b2ac       0x90 ../build/colorlight_i5/software/libc/libc.a(libm_math_sf_floor.c.o)
                0x4000b2ac                floorf
 .text.scalbnf  0x4000b33c      0x108 ../build/colorlight_i5/software/libc/libc.a(libm_common_sf_scalbn.c.o)
                0x4000b33c                ldexpf
                0x4000b33c                scalbnf
 .text.__math_uflowf
                0x4000b444       0x3c ../build/colorlight_i5/software/libc/libc.a(libm_common_math_errf_uflowf.c.o)
                0x4000b444                __math_uflowf
 .text.__math_oflowf
                0x4000b480       0x3c ../build/colorlight_i5/software/libc/libc.a(libm_common_math_errf_oflowf.c.o)
                0x4000b480                __math_oflowf
 .text          0x4000b4bc       0xf8 ../build/colorlight_i5/software/libcompiler_rt/libcompiler_rt.a(comparesf2.o)
                0x4000b4bc                __lesf2
                0x4000b4bc                __cmpsf2
                0x4000b51c                __gesf2
                0x4000b57c                __unordsf2
                0x4000b5a4                __eqsf2
                0x4000b5a8                __ltsf2
                0x4000b5ac                __nesf2
                0x4000b5b0                __gtsf2
 .text          0x4000b5b4      0x17c ../build/colorlight_i5/software/libcompiler_rt/libcompiler_rt.a(comparedf2.o)
                0x4000b5b4                __cmpdf2
                0x4000b5b4                __ledf2
                0x4000b64c                __gedf2
                0x4000b6dc                __unorddf2
                0x4000b720                __eqdf2
                0x4000b724                __ltdf2
                0x4000b728                __nedf2
                0x4000b72c                __gtdf2
 .text          0x4000b730      0x244 ../build/colorlight_i5/software/libcompiler_rt/libcompiler_rt.a(addsf3.o)
                0x4000b730                __addsf3
 .text          0x4000b974        0xc ../build/colorlight_i5/software/libcompiler_rt/libcompiler_rt.a(subsf3.o)
                0x4000b974                __subsf3
 .text          0x4000b980      0x210 ../build/colorlight_i5/software/libcompiler_rt/libcompiler_rt.a(mulsf3.o)
                0x4000b980                __mulsf3
 .text          0x4000bb90      0x23c ../build/colorlight_i5/software/libcompiler_rt/libcompiler_rt.a(divsf3.o)
                0x4000bb90                __divsf3
 .text          0x4000bdcc       0xb8 ../build/colorlight_i5/software/libcompiler_rt/libcompiler_rt.a(floatsisf.o)
                0x4000bdcc                __floatsisf
 .text          0x4000be84       0x7c ../build/colorlight_i5/software/libcompiler_rt/libcompiler_rt.a(fixsfsi.o)
                0x4000be84                __fixsfsi
 .text          0x4000bf00       0xb0 ../build/colorlight_i5/software/libcompiler_rt/libcompiler_rt.a(fixdfdi.o)
                0x4000bf00                __fixdfdi
 .text          0x4000bfb0       0xc0 ../build/colorlight_i5/software/libcompiler_rt/libcompiler_rt.a(fixunsdfdi.o)
                0x4000bfb0                __fixunsdfdi
 .text          0x4000c070      0x44c ../build/colorlight_i5/software/libcompiler_rt/libcompiler_rt.a(adddf3.o)
                0x4000c070                __adddf3
 .text          0x4000c4bc       0x10 ../build/colorlight_i5/software/libcompiler_rt/libcompiler_rt.a(subdf3.o)
                0x4000c4bc                __subdf3
 .text          0x4000c4cc      0x434 ../build/colorlight_i5/software/libcompiler_rt/libcompiler_rt.a(muldf3.o)
                0x4000c4cc                __muldf3
 .text          0x4000c900      0x4b4 ../build/colorlight_i5/software/libcompiler_rt/libcompiler_rt.a(divdf3.o)
                0x4000c900                __divdf3
 .text          0x4000cdb4       0x7c ../build/colorlight_i5/software/libcompiler_rt/libcompiler_rt.a(floatunsidf.o)
                0x4000cdb4                __floatunsidf
 .text          0x4000ce30       0x60 ../build/colorlight_i5/software/libcompiler_rt/libcompiler_rt.a(fixunsdfsi.o)
                0x4000ce30                __fixunsdfsi
 .text          0x4000ce90       0x90 ../build/colorlight_i5/software/libcompiler_rt/libcompiler_rt.a(clzsi2.o)
                0x4000ce90                __clzsi2
 .text          0x4000cf20        0x8 ../build/colorlight_i5/software/libcompiler_rt/libcompiler_rt.a(udivdi3.o)
                0x4000cf20                __udivdi3
 .text          0x4000cf28       0x24 ../build/colorlight_i5/software/libcompiler_rt/libcompiler_rt.a(umoddi3.o)
                0x4000cf28                __umoddi3
 .text          0x4000cf4c       0x3c ../build/colorlight_i5/software/libcompiler_rt/libcompiler_rt.a(lshrdi3.o)
                0x4000cf4c                __lshrdi3
 .text          0x4000cf88       0x3c ../build/colorlight_i5/software/libcompiler_rt/libcompiler_rt.a(ashldi3.o)
                0x4000cf88                __ashldi3
 .text          0x4000cfc4      0x318 ../build/colorlight_i5/software/libcompiler_rt/libcompiler_rt.a(udivmoddi4.o)
                0x4000cfc4                __udivmoddi4
 .text          0x4000d2dc       0x74 ../build/colorlight_i5/software/libcompiler_rt/libcompiler_rt.a(ctzsi2.o)
                0x4000d2dc                __ctzsi2
 .text          0x4000d350      0x26c ../build/colorlight_i5/software/libbase/libbase.a(uart.o)
                0x4000d350                uart_isr
                0x4000d438                uart_read
                0x4000d488                uart_read_nonblock
                0x4000d4a4                uart_write
                0x4000d52c                uart_init
                0x4000d5a4                uart_sync
 .text.__extendsfdf2
                0x4000d5bc      0x108 /opt/riscv/xpack-riscv-none-elf-gcc-14.2.0-3/bin/../lib/gcc/riscv-none-elf/14.2.0/rv32im/ilp32/libgcc.a(extendsfdf2.o)
                0x4000d5bc                __extendsfdf2
 .text.__truncdfsf2
                0x4000d6c4      0x1c0 /opt/riscv/xpack-riscv-none-elf-gcc-14.2.0-3/bin/../lib/gcc/riscv-none-elf/14.2.0/rv32im/ilp32/libgcc.a(truncdfsf2.o)
                0x4000d6c4                __truncdfsf2
                0x4000d884                        _etext = .

.rodata         0x4000d890     0x3824
                0x4000d890                        . = ALIGN (0x4)
                0x4000d890                        _frodata = .
 *(.rodata .rodata.* .gnu.linkonce.r.*)
 .rodata.main.str1.4
                0x4000d890     0x231c build/main.o
                                0x16d (size before relaxing)
 .rodata._ZTVN6tflite22MicroMutableOpResolverILj1EEE
                0x4000fbac       0x1c build/main.o
                0x4000fbac                vtable for tflite::MicroMutableOpResolver<1u>
 *fill*         0x4000fbc8        0x8 
 .rodata.g_hello_world_int8_model_data
                0x4000fbd0      0xa90 build/models/hello_world_int8_model_data.o
                0x4000fbd0                g_hello_world_int8_model_data
 .rodata._ZNK11flatbuffers6VectorIlmE3GetEm.part.0.str1.4
                0x40010660       0xe7 tflm/build/libtflm.a(micro_interpreter.o)
 .rodata._ZNK11flatbuffers6VectorINS_6OffsetIN6tflite8SubGraphEEEmE3GetEm.part.0.str1.4
                0x40010660       0xce tflm/build/libtflm.a(micro_interpreter.o)
 .rodata._ZN6tflite16MicroInterpreter5inputEj.str1.4
                0x40010660       0x2b tflm/build/libtflm.a(micro_interpreter.o)
 .rodata._ZN6tflite16MicroInterpreter6outputEj.str1.4
                0x40010660       0x2c tflm/build/libtflm.a(micro_interpreter.o)
 .rodata._ZN6tflite16MicroInterpreter44PrepareNodeAndRegistrationDataFromFlatbufferEv.str1.4
                0x40010660      0x1b9 tflm/build/libtflm.a(micro_interpreter.o)
 .rodata._ZN6tflite16MicroInterpreter15AllocateTensorsEv.str1.4
                0x40010660      0x10a tflm/build/libtflm.a(micro_interpreter.o)
 .rodata._ZN6tflite16MicroInterpreter6InvokeEv.str1.4
                0x40010660       0x2d tflm/build/libtflm.a(micro_interpreter.o)
 .rodata.str1.4
                0x40010660      0xb73 tflm/build/libtflm.a(micro_interpreter.o)
 .rodata._ZZN6tflite24EnumNamesBuiltinOperatorEvE5names
                0x40010660      0x34c tflm/build/libtflm.a(micro_interpreter.o)
                0x40010660                tflite::EnumNamesBuiltinOperator()::names
 .rodata._ZN12_GLOBAL__N_19VDebugLogEPKcz.constprop.0.str1.4
                0x400109ac        0x3 tflm/build/libtflm.a(micro_log.o)
 .rodata._ZN6tflite25GetRegistrationFromOpCodeEPKNS_12OperatorCodeERKNS_15MicroOpResolverEPPK16TFLMRegistration.str1.4
                0x400109ac       0x87 tflm/build/libtflm.a(micro_op_resolver.o)
 .rodata._ZNK11flatbuffers6VectorIxmE3GetEm.part.0.str1.4
                0x400109ac       0xef tflm/build/libtflm.a(micro_allocator.o)
 .rodata._ZNK11flatbuffers6VectorINS_6OffsetIN6tflite8SubGraphEEEmE3GetEm.part.0.str1.4
                0x400109ac       0xce tflm/build/libtflm.a(micro_allocator.o)
 .rodata._ZN6tflite14MicroAllocator17AllocateVariablesEPKNS_8SubGraphEP16TfLiteEvalTensorPKl.str1.4
                0x400109ac       0x2e tflm/build/libtflm.a(micro_allocator.o)
 .rodata._ZN6tflite14MicroAllocator28AllocateNodeAndRegistrationsEPKNS_5ModelEPNS_19SubgraphAllocationsE.str1.4
                0x400109ac       0x36 tflm/build/libtflm.a(micro_allocator.o)
 .rodata._ZN6tflite14MicroAllocator24AllocateTempTfLiteTensorEPKNS_5ModelEPKNS_19SubgraphAllocationsEii.str1.4
                0x400109ac       0x80 tflm/build/libtflm.a(micro_allocator.o)
 .rodata._ZN6tflite14MicroAllocator30AllocatePersistentTfLiteTensorEPKNS_5ModelEPKNS_19SubgraphAllocationsEii.str1.4
                0x400109ac       0x82 tflm/build/libtflm.a(micro_allocator.o)
 .rodata._ZN6tflite8internal25GetFlatbufferTensorBufferERKNS_6TensorEPKN11flatbuffers6VectorINS4_6OffsetINS_6BufferEEEmEE.str1.4
                0x400109ac       0xca tflm/build/libtflm.a(micro_allocator.o)
 .rodata._ZN6tflite8internal36InitializeTfLiteTensorFromFlatbufferEPNS_26IPersistentBufferAllocatorEPNS_29INonPersistentBufferAllocatorEbRKNS_6TensorEPKN11flatbuffers6VectorINS8_6OffsetINS_6BufferEEEmEEP12TfLiteTensor.str1.4
                0x400109ac       0x5e tflm/build/libtflm.a(micro_allocator.o)
 .rodata._ZN6tflite14MicroAllocator34PopulateTfLiteTensorFromFlatbufferEPKNS_5ModelEP12TfLiteTensoriib.str1.4
                0x400109ac       0xca tflm/build/libtflm.a(micro_allocator.o)
 .rodata._ZN6tflite14MicroAllocator25AllocateTfLiteEvalTensorsEPKNS_5ModelEPNS_19SubgraphAllocationsE.str1.4
                0x400109ac       0x67 tflm/build/libtflm.a(micro_allocator.o)
 .rodata._ZN6tflite14MicroAllocator20StartModelAllocationEPKNS_5ModelE.str1.4
                0x400109ac       0x86 tflm/build/libtflm.a(micro_allocator.o)
 .rodata._ZN6tflite14MicroAllocator21FinishModelAllocationEPKNS_5ModelEPNS_19SubgraphAllocationsEPPNS_19ScratchBufferHandleE.str1.4
                0x400109ac       0x4b tflm/build/libtflm.a(micro_allocator.o)
 .rodata._ZN6tflite14MicroAllocator27RequestScratchBufferInArenaEjiPi.str1.4
                0x400109ac       0x36 tflm/build/libtflm.a(micro_allocator.o)
 .rodata._ZTVN6tflite12_GLOBAL__N_125MicroBuiltinDataAllocatorE
                0x400109ac       0x18 tflm/build/libtflm.a(micro_allocator.o)
 .rodata._ZTVN6tflite14MicroAllocatorE
                0x400109c4       0x4c tflm/build/libtflm.a(micro_allocator.o)
                0x400109c4                vtable for tflite::MicroAllocator
 .rodata._ZN6tflite23MicroInterpreterContext20set_external_contextEPv.str1.4
                0x40010a10       0x3f tflm/build/libtflm.a(micro_interpreter_context.o)
 .rodata._ZTVN6tflite23MicroInterpreterContextE
                0x40010a10       0x50 tflm/build/libtflm.a(micro_interpreter_context.o)
                0x40010a10                vtable for tflite::MicroInterpreterContext
 .rodata._ZNK11flatbuffers6VectorIlmE3GetEm.part.0.str1.4
                0x40010a60       0xe7 tflm/build/libtflm.a(micro_interpreter_graph.o)
 .rodata._ZNK11flatbuffers6VectorINS_6OffsetIN6tflite8SubGraphEEEmE3GetEm.part.0.str1.4
                0x40010a60       0xce tflm/build/libtflm.a(micro_interpreter_graph.o)
 .rodata._ZN6tflite21MicroInterpreterGraph20ResetVariableTensorsEv.str1.4
                0x40010a60       0xac tflm/build/libtflm.a(micro_interpreter_graph.o)
 .rodata._ZN6tflite21MicroInterpreterGraph14InvokeSubgraphEi.str1.4
                0x40010a60       0x6c tflm/build/libtflm.a(micro_interpreter_graph.o)
 .rodata._ZN6tflite21MicroInterpreterGraph16PrepareSubgraphsEv.str1.4
                0x40010a60       0x8b tflm/build/libtflm.a(micro_interpreter_graph.o)
 .rodata._ZTVN6tflite21MicroInterpreterGraphE
                0x40010a60       0x40 tflm/build/libtflm.a(micro_interpreter_graph.o)
                0x40010a60                vtable for tflite::MicroInterpreterGraph
 .rodata._ZN6tflite12_GLOBAL__N_121FullyConnectedPrepareEP13TfLiteContextP10TfLiteNode.str1.4
                0x40010aa0       0xf3 tflm/build/libtflm.a(fully_connected.o)
 .rodata._ZN6tflite12_GLOBAL__N_118FullyConnectedEvalEP13TfLiteContextP10TfLiteNode.str1.4
                0x40010aa0       0x46 tflm/build/libtflm.a(fully_connected.o)
 .rodata._ZTVN6tflite18MicroErrorReporterE
                0x40010aa0       0x14 tflm/build/libtflm.a(micro_error_reporter.o)
                0x40010aa0                vtable for tflite::MicroErrorReporter
 .rodata._ZN6tflite16TfLiteTypeSizeOfE10TfLiteTypePj
                0x40010ab4       0x28 tflm/build/libtflm.a(memory_helpers.o)
 .rodata._ZN6tflite19GreedyMemoryPlanner9AddBufferEiii.str1.4
                0x40010adc       0x1d tflm/build/libtflm.a(greedy_memory_planner.o)
 .rodata._ZN6tflite19GreedyMemoryPlanner15PrintMemoryPlanEv.str1.4
                0x40010adc       0x4a tflm/build/libtflm.a(greedy_memory_planner.o)
 .rodata._ZN6tflite19GreedyMemoryPlanner18GetOffsetForBufferEiPi.str1.4
                0x40010adc       0x29 tflm/build/libtflm.a(greedy_memory_planner.o)
 .rodata._ZTVN6tflite19GreedyMemoryPlannerE
                0x40010adc       0x30 tflm/build/libtflm.a(greedy_memory_planner.o)
                0x40010adc                vtable for tflite::GreedyMemoryPlanner
 .rodata._ZN6tflite19LinearMemoryPlanner9AddBufferEiii.str1.4
                0x40010b0c       0x1d tflm/build/libtflm.a(linear_memory_planner.o)
 .rodata._ZN6tflite19LinearMemoryPlanner18GetOffsetForBufferEiPi.str1.4
                0x40010b0c       0x29 tflm/build/libtflm.a(linear_memory_planner.o)
 .rodata._ZTVN6tflite19LinearMemoryPlannerE
                0x40010b0c       0x30 tflm/build/libtflm.a(linear_memory_planner.o)
                0x40010b0c                vtable for tflite::LinearMemoryPlanner
 .rodata._ZNK11flatbuffers6VectorINS_6OffsetIN6tflite8SubGraphEEEmE3GetEm.part.0.str1.4
                0x40010b3c      0x113 tflm/build/libtflm.a(micro_allocation_info.o)
 .rodata._ZN6tflite21AllocationInfoBuilder20CreateAllocationInfoEi.str1.4
                0x40010b3c       0x41 tflm/build/libtflm.a(micro_allocation_info.o)
 .rodata._ZN6tflite21AllocationInfoBuilder16ValidateSubgraphEPKNS_8SubGraphEP16TfLiteEvalTensor.str1.4
                0x40010b3c      0x10c tflm/build/libtflm.a(micro_allocation_info.o)
 .rodata._ZN6tflite21AllocationInfoBuilder24InitializeAllocationInfoEPKlPNS_19SubgraphAllocationsE.str1.4
                0x40010b3c       0xca tflm/build/libtflm.a(micro_allocation_info.o)
 .rodata._ZN6tflite21AllocationInfoBuilder32MarkSubgraphLifetimesIfNecessaryEPKNS_8OperatorEPNS_8internal20ScratchBufferRequestEPNS_19ScratchBufferHandleEPNS_19SubgraphAllocationsE.str1.4
                0x40010b3c       0xd6 tflm/build/libtflm.a(micro_allocation_info.o)
 .rodata._ZN6tflite21AllocationInfoBuilder24GetOfflinePlannedOffsetsEPPKl.str1.4
                0x40010b3c      0x117 tflm/build/libtflm.a(micro_allocation_info.o)
 .rodata._ZN6tflite12_GLOBAL__N_1L24kOfflineMemAllocMetadataE
                0x40010b3c       0x18 tflm/build/libtflm.a(micro_allocation_info.o)
 .rodata.TfLiteTypeGetName.str1.4
                0x40010b54        0xd tflm/build/libtflm.a(common.o)
 .rodata.str1.4
                0x40010b54       0xb5 tflm/build/libtflm.a(common.o)
 .rodata.CSWTCH.12
                0x40010b54       0x54 tflm/build/libtflm.a(common.o)
 .rodata._ZN6tflite17ConvertTensorTypeENS_10TensorTypeEP10TfLiteTypePNS_13ErrorReporterE.str1.4
                0x40010ba8       0x24 tflm/build/libtflm.a(flatbuffer_conversions.o)
 .rodata._ZN6tflite17ConvertTensorTypeENS_10TensorTypeEP10TfLiteTypePNS_13ErrorReporterE
                0x40010ba8       0x50 tflm/build/libtflm.a(flatbuffer_conversions.o)
 .rodata._ZN6tflite19ParseFullyConnectedEPKNS_8OperatorEPNS_13ErrorReporterEPNS_20BuiltinDataAllocatorEPPv.str1.4
                0x40010bf8       0x2a tflm/build/libtflm.a(flatbuffer_conversions.o)
 .rodata._ZN6tflite29MultiplyByQuantizedMultiplierElli.str1.4
                0x40010bf8       0x9b tflm/build/libtflm.a(common.o)
 .rodata._ZN6tflite29MultiplyByQuantizedMultiplierExli.str1.4
                0x40010bf8       0xf9 tflm/build/libtflm.a(common.o)
 .rodata._ZN6tflite26SingleArenaBufferAllocator12ResizeBufferEPhjj.str1.4
                0x40010bf8       0xb2 tflm/build/libtflm.a(single_arena_buffer_allocator.o)
 .rodata._ZN6tflite26SingleArenaBufferAllocator12AllocateTempEjj.str1.4
                0x40010bf8       0x49 tflm/build/libtflm.a(single_arena_buffer_allocator.o)
 .rodata._ZN6tflite26SingleArenaBufferAllocator20IsAllTempDeallocatedEv.str1.4
                0x40010bf8       0x42 tflm/build/libtflm.a(single_arena_buffer_allocator.o)
 .rodata._ZN6tflite26SingleArenaBufferAllocator24AllocatePersistentBufferEjj.str1.4
                0x40010bf8       0x49 tflm/build/libtflm.a(single_arena_buffer_allocator.o)
 .rodata._ZN6tflite26SingleArenaBufferAllocator20ResetTempAllocationsEv.str1.4
                0x40010bf8       0x45 tflm/build/libtflm.a(single_arena_buffer_allocator.o)
 .rodata._ZTVN6tflite26SingleArenaBufferAllocatorE
                0x40010bf8       0x5c tflm/build/libtflm.a(single_arena_buffer_allocator.o)
                0x40010bf8                vtable for tflite::SingleArenaBufferAllocator
 .rodata._ZN6tflite20NumSubgraphOperatorsEPKNS_5ModelEi.str1.4
                0x40010c54      0x113 tflm/build/libtflm.a(flatbuffer_utils.o)
 .rodata._ZN6tflite29CalculateOpDataFullyConnectedEP13TfLiteContext21TfLiteFusedActivation10TfLiteTypePK12TfLiteTensorS6_S6_PS4_PNS_20OpDataFullyConnectedE.str1.4
                0x40010c54      0x162 tflm/build/libtflm.a(fully_connected_common.o)
 .rodata._ZN6tflite32GetQuantizedConvolutionMultiplerEP13TfLiteContextPK12TfLiteTensorS4_S4_PS2_Pd.str1.4
                0x40010c54       0x7d tflm/build/libtflm.a(kernel_util.o)
 .rodata._ZN6tflite33CalculateActivationRangeQuantizedEP13TfLiteContext21TfLiteFusedActivationP12TfLiteTensorPlS5_.str1.4
                0x40010c54       0x2e tflm/build/libtflm.a(kernel_util.o)
 .rodata.str1.4
                0x40010c54       0x43 ../build/colorlight_i5/software/libc/libc.a(libc_stdlib_assert.c.o)
 .rodata.str1.4
                0x40010c54       0x10 ../build/colorlight_i5/software/libc/libc.a(libc_tinystdio_vfiprintf.c.o)
 .rodata        0x40010c54       0x90 ../build/colorlight_i5/software/libc/libc.a(libc_tinystdio_vfiprintf.c.o)
 .rodata        0x40010ce4      0x398 ../build/colorlight_i5/software/libc/libc.a(libm_math_sf_rem_pio2.c.o)
 .rodata        0x4001107c       0x38 ../build/colorlight_i5/software/libc/libc.a(libm_math_kf_rem_pio2.c.o)
 *(.rodata1)
                0x400110b4                        _erodata = .

.srodata.cst4   0x400110b4       0xa0
 .srodata.cst4  0x400110b4       0xa0 build/main.o
                                 0x18 (size before relaxing)
 .srodata.cst4  0x40011154       0x14 tflm/build/libtflm.a(fully_connected_common.o)
 .srodata.cst4  0x40011154       0x10 tflm/build/libtflm.a(kernel_util.o)
 .srodata.cst4  0x40011154       0x24 ../build/colorlight_i5/software/libc/libc.a(libm_math_kf_cos.c.o)
 .srodata.cst4  0x40011154       0x20 ../build/colorlight_i5/software/libc/libc.a(libm_math_kf_sin.c.o)
 .srodata.cst4  0x40011154       0x24 ../build/colorlight_i5/software/libc/libc.a(libm_math_sf_rem_pio2.c.o)
 .srodata.cst4  0x40011154       0x18 ../build/colorlight_i5/software/libc/libc.a(libm_math_kf_rem_pio2.c.o)
 .srodata.cst4  0x40011154        0x8 ../build/colorlight_i5/software/libc/libc.a(libm_common_sf_scalbn.c.o)
 .srodata.cst4  0x40011154        0x4 ../build/colorlight_i5/software/libcompiler_rt/libcompiler_rt.a(addsf3.o)
 .srodata.cst4  0x40011154        0x4 ../build/colorlight_i5/software/libcompiler_rt/libcompiler_rt.a(mulsf3.o)
 .srodata.cst4  0x40011154        0x4 ../build/colorlight_i5/software/libcompiler_rt/libcompiler_rt.a(divsf3.o)

.srodata._ZN6tflite12_GLOBAL__N_1L19kZeroLengthIntArrayE
                0x40011154        0x4
 .srodata._ZN6tflite12_GLOBAL__N_1L19kZeroLengthIntArrayE
                0x40011154        0x4 tflm/build/libtflm.a(micro_allocator.o)

.srodata._ZN6tflite27kFullyConnectedOutputTensorE
                0x40011158        0x4
 .srodata._ZN6tflite27kFullyConnectedOutputTensorE
                0x40011158        0x4 tflm/build/libtflm.a(fully_connected_common.o)
                0x40011158                tflite::kFullyConnectedOutputTensor

.srodata._ZN6tflite25kFullyConnectedBiasTensorE
                0x4001115c        0x4
 .srodata._ZN6tflite25kFullyConnectedBiasTensorE
                0x4001115c        0x4 tflm/build/libtflm.a(fully_connected_common.o)
                0x4001115c                tflite::kFullyConnectedBiasTensor

.srodata._ZN6tflite28kFullyConnectedWeightsTensorE
                0x40011160        0x4
 .srodata._ZN6tflite28kFullyConnectedWeightsTensorE
                0x40011160        0x4 tflm/build/libtflm.a(fully_connected_common.o)
                0x40011160                tflite::kFullyConnectedWeightsTensor

.srodata._ZN6tflite26kFullyConnectedInputTensorE
                0x40011164        0x4
 .srodata._ZN6tflite26kFullyConnectedInputTensorE
                0x40011164        0x4 tflm/build/libtflm.a(fully_connected_common.o)
                0x40011164                tflite::kFullyConnectedInputTensor

.srodata.cst8   0x40011168       0x50
 .srodata.cst8  0x40011168       0x50 tflm/build/libtflm.a(quantization_util.o)
                                 0x30 (size before relaxing)
 .srodata.cst8  0x400111b8        0x8 tflm/build/libtflm.a(kernel_util.o)
 .srodata.cst8  0x400111b8        0x8 ../build/colorlight_i5/software/libc/libc.a(libm_math_s_frexp.c.o)
 .srodata.cst8  0x400111b8       0x10 ../build/colorlight_i5/software/libcompiler_rt/libcompiler_rt.a(fixunsdfdi.o)
 .srodata.cst8  0x400111b8        0x8 ../build/colorlight_i5/software/libcompiler_rt/libcompiler_rt.a(adddf3.o)
 .srodata.cst8  0x400111b8        0x8 ../build/colorlight_i5/software/libcompiler_rt/libcompiler_rt.a(muldf3.o)
 .srodata.cst8  0x400111b8        0x8 ../build/colorlight_i5/software/libcompiler_rt/libcompiler_rt.a(divdf3.o)

.srodata        0x400111b8       0x18
 .srodata       0x400111b8        0x4 ../build/colorlight_i5/software/libc/libc.a(libm_common_math_errf_invalidf.c.o)
 .srodata       0x400111bc        0xc ../build/colorlight_i5/software/libc/libc.a(_libc.a)
                0x400111bc                stdin
                0x400111c0                stderr
                0x400111c4                stdout
 .srodata       0x400111c8        0x4 ../build/colorlight_i5/software/libc/libc.a(libm_common_math_errf_uflowf.c.o)
 .srodata       0x400111cc        0x4 ../build/colorlight_i5/software/libc/libc.a(libm_common_math_errf_oflowf.c.o)

.rela.dyn       0x400111d0        0x0
 .rela.text     0x400111d0        0x0 build/crt0.o
 .rela.text.startup.main
                0x400111d0        0x0 build/crt0.o
 .rela.rodata._ZTVN6tflite22MicroMutableOpResolverILj1EEE
                0x400111d0        0x0 build/crt0.o
 .rela.text._ZN6tflite30MicroContextGetExternalContextEP13TfLiteContext25TfLiteExternalContextType
                0x400111d0        0x0 build/crt0.o
 .rela.text._ZN6tflite16MicroInterpreterC2EPKNS_5ModelERKNS_15MicroOpResolverEPhjPNS_22MicroResourceVariablesEPNS_22MicroProfilerInterfaceEb
                0x400111d0        0x0 build/crt0.o
 .rela.text._ZN6tflite16MicroInterpreter44PrepareNodeAndRegistrationDataFromFlatbufferEv
                0x400111d0        0x0 build/crt0.o
 .rela.text._ZN6tflite25GetRegistrationFromOpCodeEPKNS_12OperatorCodeERKNS_15MicroOpResolverEPPK16TFLMRegistration
                0x400111d0        0x0 build/crt0.o
 .rela.text._ZN6tflite14MicroAllocator22CommitStaticMemoryPlanEPKNS_5ModelEPNS_19SubgraphAllocationsEPNS_19ScratchBufferHandleE
                0x400111d0        0x0 build/crt0.o
 .rela.text._ZN6tflite14MicroAllocator6CreateEPNS_26SingleArenaBufferAllocatorEPNS_18MicroMemoryPlannerE
                0x400111d0        0x0 build/crt0.o
 .rela.text._ZN6tflite23MicroInterpreterContextC2EPNS_14MicroAllocatorEPKNS_5ModelEPNS_21MicroInterpreterGraphE
                0x400111d0        0x0 build/crt0.o
 .rela.rodata._ZTVN6tflite23MicroInterpreterContextE
                0x400111d0        0x0 build/crt0.o
 .rela.text._ZN6tflite21MicroInterpreterGraph14InvokeSubgraphEi
                0x400111d0        0x0 build/crt0.o
 .rela.text._ZN6tflite21MicroInterpreterGraph16PrepareSubgraphsEv
                0x400111d0        0x0 build/crt0.o
 .rela.text._ZN6tflite21MicroInterpreterGraphC2EP13TfLiteContextPKNS_5ModelEPNS_14MicroAllocatorEPNS_22MicroResourceVariablesE
                0x400111d0        0x0 build/crt0.o
 .rela.rodata._ZTVN6tflite21MicroInterpreterGraphE
                0x400111d0        0x0 build/crt0.o
 .rela.text._ZN6tflite21GetMicroErrorReporterEv
                0x400111d0        0x0 build/crt0.o
 .rela.rodata._ZTVN6tflite18MicroErrorReporterE
                0x400111d0        0x0 build/crt0.o
 .rela.text._ZN6tflite19GreedyMemoryPlannerC2Ev
                0x400111d0        0x0 build/crt0.o
 .rela.rodata._ZTVN6tflite19GreedyMemoryPlannerE
                0x400111d0        0x0 build/crt0.o
 .rela.text._ZN6tflite19LinearMemoryPlannerC2Ev
                0x400111d0        0x0 build/crt0.o
 .rela.rodata._ZTVN6tflite19LinearMemoryPlannerE
                0x400111d0        0x0 build/crt0.o
 .rela.text._ZN6tflite26SingleArenaBufferAllocator6CreateEPhj
                0x400111d0        0x0 build/crt0.o

.data           0x400111d0       0x10
                0x400111d0                        . = ALIGN (0x4)
                0x400111d0                        _fdata = .
 *(.data .data.* .gnu.linkonce.d.*)
 .data          0x400111d0       0x10 ../build/colorlight_i5/software/libc/libc.a(_libc.a)
 *(.data1)
                0x400111e0                        _gp = ALIGN (0x10)
 *(.sdata .sdata.* .gnu.linkonce.s.*)
                0x400111e0                        _edata = .

.bss            0x10000000      0xd70
                0x10000000                        . = ALIGN (0x4)
                0x10000000                        _fbss = .
 *(.dynsbss)
 *(.sbss .sbss.* .gnu.linkonce.sb.*)
 .sbss._ZN12_GLOBAL__N_115error_reporter_E
                0x10000000        0x4 tflm/build/libtflm.a(micro_error_reporter.o)
 .sbss._ZN12_GLOBAL__N_127micro_error_reporter_bufferE
                0x10000004        0x4 tflm/build/libtflm.a(micro_error_reporter.o)
 .sbss          0x10000008        0x4 ../build/colorlight_i5/software/libc/libc.a(libc.a)
                0x10000008                _impure_ptr
 .sbss          0x1000000c        0x4 ../build/colorlight_i5/software/libc/libc.a(libc_errno_errno.c.o)
                0x1000000c                errno
 .sbss          0x10000010       0x10 ../build/colorlight_i5/software/libbase/libbase.a(uart.o)
 *(.scommon)
 *(.dynbss)
 *(.bss .bss.* .gnu.linkonce.b.*)
 .bss.tensor_arena
                0x10000020      0xbd0 build/main.o
                0x10000020                tensor_arena
 .bss           0x10000bf0       0x80 ../build/colorlight_i5/software/libc/libc.a(libc_signal_signal.c.o)
 .bss           0x10000c70      0x100 ../build/colorlight_i5/software/libbase/libbase.a(uart.o)
 *(COMMON)
                0x10000d70                        . = ALIGN (0x4)
                0x10000d70                        _ebss = .
                0x10000d70                        _end = .
                0x10001ffc                        PROVIDE (_fstack = ((ORIGIN (sram) + LENGTH (sram)) - 0x4))
                0x400111d0                        PROVIDE (_fdata_rom = LOADADDR (.data))
                [!provide]                        PROVIDE (_edata_rom = (LOADADDR (.data) + SIZEOF (.data)))
OUTPUT(build/main.elf elf32-littleriscv)

.riscv.attributes
                0x00000000       0x43
 .riscv.attributes
                0x00000000       0x41 build/crt0.o
 .riscv.attributes
                0x00000041       0x3f build/main.o
 .riscv.attributes
                0x00000080       0x3f build/models/hello_world_int8_model_data.o
 .riscv.attributes
                0x000000bf       0x33 tflm/build/libtflm.a(micro_interpreter.o)
 .riscv.attributes
                0x000000f2       0x33 tflm/build/libtflm.a(micro_log.o)
 .riscv.attributes
                0x00000125       0x33 tflm/build/libtflm.a(micro_op_resolver.o)
 .riscv.attributes
                0x00000158       0x33 tflm/build/libtflm.a(micro_allocator.o)
 .riscv.attributes
                0x0000018b       0x33 tflm/build/libtflm.a(debug_log.o)
 .riscv.attributes
                0x000001be       0x33 tflm/build/libtflm.a(micro_interpreter_context.o)
 .riscv.attributes
                0x000001f1       0x33 tflm/build/libtflm.a(micro_interpreter_graph.o)
 .riscv.attributes
                0x00000224       0x33 tflm/build/libtflm.a(fully_connected.o)
 .riscv.attributes
                0x00000257       0x33 tflm/build/libtflm.a(kernel_util.o)
 .riscv.attributes
                0x0000028a       0x33 tflm/build/libtflm.a(flatbuffer_conversions_bridge.o)
 .riscv.attributes
                0x000002bd       0x33 tflm/build/libtflm.a(micro_error_reporter.o)
 .riscv.attributes
                0x000002f0       0x33 tflm/build/libtflm.a(memory_helpers.o)
 .riscv.attributes
                0x00000323       0x33 tflm/build/libtflm.a(greedy_memory_planner.o)
 .riscv.attributes
                0x00000356       0x33 tflm/build/libtflm.a(linear_memory_planner.o)
 .riscv.attributes
                0x00000389       0x33 tflm/build/libtflm.a(micro_allocation_info.o)
 .riscv.attributes
                0x000003bc       0x33 tflm/build/libtflm.a(micro_resource_variable.o)
 .riscv.attributes
                0x000003ef       0x33 tflm/build/libtflm.a(common.o)
 .riscv.attributes
                0x00000422       0x33 tflm/build/libtflm.a(flatbuffer_conversions.o)
 .riscv.attributes
                0x00000455       0x33 tflm/build/libtflm.a(portable_tensor_utils.o)
 .riscv.attributes
                0x00000488       0x33 tflm/build/libtflm.a(common.o)
 .riscv.attributes
                0x000004bb       0x33 tflm/build/libtflm.a(schema_utils.o)
 .riscv.attributes
                0x000004ee       0x33 tflm/build/libtflm.a(error_reporter.o)
 .riscv.attributes
                0x00000521       0x33 tflm/build/libtflm.a(single_arena_buffer_allocator.o)
 .riscv.attributes
                0x00000554       0x33 tflm/build/libtflm.a(micro_context.o)
 .riscv.attributes
                0x00000587       0x33 tflm/build/libtflm.a(flatbuffer_utils.o)
 .riscv.attributes
                0x000005ba       0x33 tflm/build/libtflm.a(fully_connected_common.o)
 .riscv.attributes
                0x000005ed       0x33 tflm/build/libtflm.a(quantization_util.o)
 .riscv.attributes
                0x00000620       0x33 tflm/build/libtflm.a(kernel_util.o)
 .riscv.attributes
                0x00000653       0x3d ../build/colorlight_i5/software/libc/libc.a(memcpy-asm.S.o)
 .riscv.attributes
                0x00000690       0x3d ../build/colorlight_i5/software/libc/libc.a(memset.S.o)
 .riscv.attributes
                0x000006cd       0x3d ../build/colorlight_i5/software/libc/libc.a(strcmp.S.o)
 .riscv.attributes
                0x0000070a       0x3f ../build/colorlight_i5/software/libc/libc.a(libc_stdlib_abort.c.o)
 .riscv.attributes
                0x00000749       0x3f ../build/colorlight_i5/software/libc/libc.a(libc_stdlib_assert.c.o)
 .riscv.attributes
                0x00000788       0x3f ../build/colorlight_i5/software/libc/libc.a(libc_string_strncmp.c.o)
 .riscv.attributes
                0x000007c7       0x3f ../build/colorlight_i5/software/libc/libc.a(libc_tinystdio_fprintf.c.o)
 .riscv.attributes
                0x00000806       0x3f ../build/colorlight_i5/software/libc/libc.a(libc_tinystdio_vfiprintf.c.o)
 .riscv.attributes
                0x00000845       0x3f ../build/colorlight_i5/software/libc/libc.a(libm_machine_riscv_sf_fpclassify.c.o)
 .riscv.attributes
                0x00000884       0x3f ../build/colorlight_i5/software/libc/libc.a(libm_math_s_frexp.c.o)
 .riscv.attributes
                0x000008c3       0x3f ../build/colorlight_i5/software/libc/libc.a(libm_math_sf_sin.c.o)
 .riscv.attributes
                0x00000902       0x3f ../build/colorlight_i5/software/libc/libc.a(libm_common_s_round.c.o)
 .riscv.attributes
                0x00000941       0x3f ../build/colorlight_i5/software/libc/libc.a(libm_common_math_errf_invalidf.c.o)
 .riscv.attributes
                0x00000980       0x3f ../build/colorlight_i5/software/libc/libc.a(_libc.a)
 .riscv.attributes
                0x000009bf       0x3f ../build/colorlight_i5/software/libc/libc.a(libc.a)
 .riscv.attributes
                0x000009fe       0x3f ../build/colorlight_i5/software/libc/libc.a(libc_signal_signal.c.o)
 .riscv.attributes
                0x00000a3d       0x3f ../build/colorlight_i5/software/libc/libc.a(libc_string_strnlen.c.o)
 .riscv.attributes
                0x00000a7c       0x3f ../build/colorlight_i5/software/libc/libc.a(libm_math_kf_cos.c.o)
 .riscv.attributes
                0x00000abb       0x3f ../build/colorlight_i5/software/libc/libc.a(libm_math_kf_sin.c.o)
 .riscv.attributes
                0x00000afa       0x3f ../build/colorlight_i5/software/libc/libc.a(libm_math_sf_rem_pio2.c.o)
 .riscv.attributes
                0x00000b39       0x3f ../build/colorlight_i5/software/libc/libc.a(libc_errno_errno.c.o)
 .riscv.attributes
                0x00000b78       0x3f ../build/colorlight_i5/software/libc/libc.a(libm_machine_riscv_sf_fabs.c.o)
 .riscv.attributes
                0x00000bb7       0x3f ../build/colorlight_i5/software/libc/libc.a(libm_math_kf_rem_pio2.c.o)
 .riscv.attributes
                0x00000bf6       0x3f ../build/colorlight_i5/software/libc/libc.a(libm_math_sf_floor.c.o)
 .riscv.attributes
                0x00000c35       0x3f ../build/colorlight_i5/software/libc/libc.a(libm_common_sf_scalbn.c.o)
 .riscv.attributes
                0x00000c74       0x3f ../build/colorlight_i5/software/libc/libc.a(libm_common_math_errf_uflowf.c.o)
 .riscv.attributes
                0x00000cb3       0x3f ../build/colorlight_i5/software/libc/libc.a(libm_common_math_errf_oflowf.c.o)
 .riscv.attributes
                0x00000cf2       0x3f ../build/colorlight_i5/software/libcompiler_rt/libcompiler_rt.a(comparesf2.o)
 .riscv.attributes
                0x00000d31       0x3f ../build/colorlight_i5/software/libcompiler_rt/libcompiler_rt.a(comparedf2.o)
 .riscv.attributes
                0x00000d70       0x3f ../build/colorlight_i5/software/libcompiler_rt/libcompiler_rt.a(addsf3.o)
 .riscv.attributes
                0x00000daf       0x3f ../build/colorlight_i5/software/libcompiler_rt/libcompiler_rt.a(subsf3.o)
 .riscv.attributes
                0x00000dee       0x3f ../build/colorlight_i5/software/libcompiler_rt/libcompiler_rt.a(mulsf3.o)
 .riscv.attributes
                0x00000e2d       0x3f ../build/colorlight_i5/software/libcompiler_rt/libcompiler_rt.a(divsf3.o)
 .riscv.attributes
                0x00000e6c       0x3f ../build/colorlight_i5/software/libcompiler_rt/libcompiler_rt.a(floatsisf.o)
 .riscv.attributes
                0x00000eab       0x3f ../build/colorlight_i5/software/libcompiler_rt/libcompiler_rt.a(fixsfsi.o)
 .riscv.attributes
                0x00000eea       0x3f ../build/colorlight_i5/software/libcompiler_rt/libcompiler_rt.a(fixdfdi.o)
 .riscv.attributes
                0x00000f29       0x3f ../build/colorlight_i5/software/libcompiler_rt/libcompiler_rt.a(fixunsdfdi.o)
 .riscv.attributes
                0x00000f68       0x3f ../build/colorlight_i5/software/libcompiler_rt/libcompiler_rt.a(adddf3.o)
 .riscv.attributes
                0x00000fa7       0x3f ../build/colorlight_i5/software/libcompiler_rt/libcompiler_rt.a(subdf3.o)
 .riscv.attributes
                0x00000fe6       0x3f ../build/colorlight_i5/software/libcompiler_rt/libcompiler_rt.a(muldf3.o)
 .riscv.attributes
                0x00001025       0x3f ../build/colorlight_i5/software/libcompiler_rt/libcompiler_rt.a(divdf3.o)
 .riscv.attributes
                0x00001064       0x3f ../build/colorlight_i5/software/libcompiler_rt/libcompiler_rt.a(floatunsidf.o)
 .riscv.attributes
                0x000010a3       0x3f ../build/colorlight_i5/software/libcompiler_rt/libcompiler_rt.a(fixunsdfsi.o)
 .riscv.attributes